Component: ARM Compiler 5.06 update 2 (build 183) Tool: armlink [4d35b7]

==============================================================================

Section Cross References

    startup_stm32f10x_md.o(STACK) refers (Special) to heapauxi.o(.text) for __use_two_region_memory
    startup_stm32f10x_md.o(HEAP) refers (Special) to heapauxi.o(.text) for __use_two_region_memory
    startup_stm32f10x_md.o(RESET) refers (Special) to heapauxi.o(.text) for __use_two_region_memory
    startup_stm32f10x_md.o(RESET) refers to startup_stm32f10x_md.o(STACK) for __initial_sp
    startup_stm32f10x_md.o(RESET) refers to startup_stm32f10x_md.o(.text) for Reset_Handler
    startup_stm32f10x_md.o(RESET) refers to stm32f10x_it.o(i.NMI_Handler) for NMI_Handler
    startup_stm32f10x_md.o(RESET) refers to stm32f10x_it.o(i.HardFault_Handler) for HardFault_Handler
    startup_stm32f10x_md.o(RESET) refers to stm32f10x_it.o(i.MemManage_Handler) for MemManage_Handler
    startup_stm32f10x_md.o(RESET) refers to stm32f10x_it.o(i.BusFault_Handler) for BusFault_Handler
    startup_stm32f10x_md.o(RESET) refers to stm32f10x_it.o(i.UsageFault_Handler) for UsageFault_Handler
    startup_stm32f10x_md.o(RESET) refers to stm32f10x_it.o(i.SVC_Handler) for SVC_Handler
    startup_stm32f10x_md.o(RESET) refers to stm32f10x_it.o(i.DebugMon_Handler) for DebugMon_Handler
    startup_stm32f10x_md.o(RESET) refers to stm32f10x_it.o(i.PendSV_Handler) for PendSV_Handler
    startup_stm32f10x_md.o(RESET) refers to stm32f10x_it.o(i.SysTick_Handler) for SysTick_Handler
    startup_stm32f10x_md.o(RESET) refers to stm32f10x_it.o(i.TIM2_IRQHandler) for TIM2_IRQHandler
    startup_stm32f10x_md.o(RESET) refers to serial.o(i.USART1_IRQHandler) for USART1_IRQHandler
    startup_stm32f10x_md.o(.text) refers (Special) to heapauxi.o(.text) for __use_two_region_memory
    startup_stm32f10x_md.o(.text) refers to system_stm32f10x.o(i.SystemInit) for SystemInit
    startup_stm32f10x_md.o(.text) refers to __main.o(!!!main) for __main
    startup_stm32f10x_md.o(.text) refers to startup_stm32f10x_md.o(HEAP) for Heap_Mem
    startup_stm32f10x_md.o(.text) refers to startup_stm32f10x_md.o(STACK) for Stack_Mem
    system_stm32f10x.o(i.SetSysClock) refers to system_stm32f10x.o(i.SetSysClockTo72) for SetSysClockTo72
    system_stm32f10x.o(i.SystemCoreClockUpdate) refers to system_stm32f10x.o(.data) for SystemCoreClock
    system_stm32f10x.o(i.SystemInit) refers to system_stm32f10x.o(i.SetSysClock) for SetSysClock
    stm32f10x_adc.o(i.ADC_DeInit) refers to stm32f10x_rcc.o(i.RCC_APB2PeriphResetCmd) for RCC_APB2PeriphResetCmd
    stm32f10x_bkp.o(i.BKP_DeInit) refers to stm32f10x_rcc.o(i.RCC_BackupResetCmd) for RCC_BackupResetCmd
    stm32f10x_can.o(i.CAN_DeInit) refers to stm32f10x_rcc.o(i.RCC_APB1PeriphResetCmd) for RCC_APB1PeriphResetCmd
    stm32f10x_can.o(i.CAN_GetITStatus) refers to stm32f10x_can.o(i.CheckITStatus) for CheckITStatus
    stm32f10x_cec.o(i.CEC_DeInit) refers to stm32f10x_rcc.o(i.RCC_APB1PeriphResetCmd) for RCC_APB1PeriphResetCmd
    stm32f10x_dac.o(i.DAC_DeInit) refers to stm32f10x_rcc.o(i.RCC_APB1PeriphResetCmd) for RCC_APB1PeriphResetCmd
    stm32f10x_flash.o(i.FLASH_EnableWriteProtection) refers to stm32f10x_flash.o(i.FLASH_WaitForLastOperation) for FLASH_WaitForLastOperation
    stm32f10x_flash.o(i.FLASH_EraseAllBank1Pages) refers to stm32f10x_flash.o(i.FLASH_WaitForLastBank1Operation) for FLASH_WaitForLastBank1Operation
    stm32f10x_flash.o(i.FLASH_EraseAllPages) refers to stm32f10x_flash.o(i.FLASH_WaitForLastOperation) for FLASH_WaitForLastOperation
    stm32f10x_flash.o(i.FLASH_EraseOptionBytes) refers to stm32f10x_flash.o(i.FLASH_GetReadOutProtectionStatus) for FLASH_GetReadOutProtectionStatus
    stm32f10x_flash.o(i.FLASH_EraseOptionBytes) refers to stm32f10x_flash.o(i.FLASH_WaitForLastOperation) for FLASH_WaitForLastOperation
    stm32f10x_flash.o(i.FLASH_ErasePage) refers to stm32f10x_flash.o(i.FLASH_WaitForLastOperation) for FLASH_WaitForLastOperation
    stm32f10x_flash.o(i.FLASH_ProgramHalfWord) refers to stm32f10x_flash.o(i.FLASH_WaitForLastOperation) for FLASH_WaitForLastOperation
    stm32f10x_flash.o(i.FLASH_ProgramOptionByteData) refers to stm32f10x_flash.o(i.FLASH_WaitForLastOperation) for FLASH_WaitForLastOperation
    stm32f10x_flash.o(i.FLASH_ProgramWord) refers to stm32f10x_flash.o(i.FLASH_WaitForLastOperation) for FLASH_WaitForLastOperation
    stm32f10x_flash.o(i.FLASH_ReadOutProtection) refers to stm32f10x_flash.o(i.FLASH_WaitForLastOperation) for FLASH_WaitForLastOperation
    stm32f10x_flash.o(i.FLASH_UserOptionByteConfig) refers to stm32f10x_flash.o(i.FLASH_WaitForLastOperation) for FLASH_WaitForLastOperation
    stm32f10x_flash.o(i.FLASH_WaitForLastBank1Operation) refers to stm32f10x_flash.o(i.FLASH_GetBank1Status) for FLASH_GetBank1Status
    stm32f10x_flash.o(i.FLASH_WaitForLastOperation) refers to stm32f10x_flash.o(i.FLASH_GetBank1Status) for FLASH_GetBank1Status
[...]
    i.UsageFault_Handler                     0x080042a0   Section        0  stm32f10x_it.o(i.UsageFault_Handler)
    i.__ARM_fpclassify                       0x080042a4   Section        0  fpclassify.o(i.__ARM_fpclassify)
    i._is_digit                              0x080042cc   Section        0  __printf_wp.o(i._is_digit)
    i.bh1750_get_lux                         0x080042dc   Section        0  bh1750.o(i.bh1750_get_lux)
    i.bh1750_init                            0x08004324   Section        0  bh1750.o(i.bh1750_init)
    i.bh_cmd                                 0x08004394   Section        0  bh1750.o(i.bh_cmd)
    bh_cmd                                   0x08004395   Thumb Code    34  bh1750.o(i.bh_cmd)
    i.bh_read_byte                           0x080043b8   Section        0  bh1750.o(i.bh_read_byte)
    bh_read_byte                             0x080043b9   Thumb Code   160  bh1750.o(i.bh_read_byte)
    i.bh_sda_in                              0x0800445c   Section        0  bh1750.o(i.bh_sda_in)
    bh_sda_in                                0x0800445d   Thumb Code    26  bh1750.o(i.bh_sda_in)
    i.bh_sda_out                             0x0800447c   Section        0  bh1750.o(i.bh_sda_out)
    bh_sda_out                               0x0800447d   Thumb Code    32  bh1750.o(i.bh_sda_out)
    i.bh_start                               0x080044a0   Section        0  bh1750.o(i.bh_start)
    bh_start                                 0x080044a1   Thumb Code    60  bh1750.o(i.bh_start)
    i.bh_stop                                0x080044e0   Section        0  bh1750.o(i.bh_stop)
    bh_stop                                  0x080044e1   Thumb Code    60  bh1750.o(i.bh_stop)
    i.bh_wait_ack                            0x08004520   Section        0  bh1750.o(i.bh_wait_ack)
    bh_wait_ack                              0x08004521   Thumb Code    78  bh1750.o(i.bh_wait_ack)
    i.bh_write_byte                          0x08004574   Section        0  bh1750.o(i.bh_write_byte)
    bh_write_byte                            0x08004575   Thumb Code   102  bh1750.o(i.bh_write_byte)
    i.hcsr04_get_distance                    0x080045e0   Section        0  hcsr04.o(i.hcsr04_get_distance)
    i.hcsr04_init                            0x0800469c   Section        0  hcsr04.o(i.hcsr04_init)
    i.main                                   0x080046e8   Section        0  main.o(i.main)
    locale$$code                             0x080048b4   Section       44  lc_numeric_c.o(locale$$code)
    locale$$code                             0x080048e0   Section       44  lc_ctype_c.o(locale$$code)
    x$fpl$d2f                                0x0800490c   Section       98  d2f.o(x$fpl$d2f)
    x$fpl$ddiv                               0x08004970   Section      688  ddiv.o(x$fpl$ddiv)
    ddiv_entry                               0x08004977   Thumb Code     0  ddiv.o(x$fpl$ddiv)
    x$fpl$dfltu                              0x08004c20   Section       38  dflt_clz.o(x$fpl$dfltu)
    x$fpl$dmul                               0x08004c48   Section      340  dmul.o(x$fpl$dmul)
    x$fpl$dnaninf                            0x08004d9c   Section      156  dnaninf.o(x$fpl$dnaninf)
    x$fpl$dretinf                            0x08004e38   Section       12  dretinf.o(x$fpl$dretinf)
    x$fpl$f2d                                0x08004e44   Section       86  f2d.o(x$fpl$f2d)
    x$fpl$fadd                               0x08004e9c   Section      196  faddsub_clz.o(x$fpl$fadd)
    _fadd1                                   0x08004eab   Thumb Code     0  faddsub_clz.o(x$fpl$fadd)
    x$fpl$fcmpinf                            0x08004f60   Section       24  fcmpi.o(x$fpl$fcmpinf)
    x$fpl$fdiv                               0x08004f78   Section      388  fdiv.o(x$fpl$fdiv)
    _fdiv1                                   0x08004f79   Thumb Code     0  fdiv.o(x$fpl$fdiv)
    x$fpl$ffixu                              0x080050fc   Section       62  ffixu.o(x$fpl$ffixu)
    x$fpl$fflt                               0x0800513c   Section       48  fflt_clz.o(x$fpl$fflt)
    x$fpl$ffltu                              0x0800516c   Section       38  fflt_clz.o(x$fpl$ffltu)
    x$fpl$fleqf                              0x08005194   Section      104  fleqf.o(x$fpl$fleqf)
    x$fpl$fmul                               0x080051fc   Section      258  fmul.o(x$fpl$fmul)
    x$fpl$fnaninf                            0x080052fe   Section      140  fnaninf.o(x$fpl$fnaninf)
    x$fpl$fretinf                            0x0800538a   Section       10  fretinf.o(x$fpl$fretinf)
    x$fpl$frleqf                             0x08005394   Section       98  frleqf.o(x$fpl$frleqf)
    x$fpl$fsub                               0x080053f8   Section      234  faddsub_clz.o(x$fpl$fsub)
    _fsub1                                   0x08005407   Thumb Code     0  faddsub_clz.o(x$fpl$fsub)
    x$fpl$printf1                            0x080054e2   Section        4  printf1.o(x$fpl$printf1)
    x$fpl$printf2                            0x080054e6   Section        4  printf2.o(x$fpl$printf2)
    .constdata                               0x080054ea   Section     6326  oled_data.o(.constdata)
    x$fpl$usenofp                            0x080054ea   Section        0  usenofp.o(x$fpl$usenofp)
    .constdata                               0x08006da0   Section        8  _printf_wctomb.o(.constdata)
    initial_mbstate                          0x08006da0   Data           8  _printf_wctomb.o(.constdata)
    .constdata                               0x08006da8   Section       40  _printf_hex_int_ll_ptr.o(.constdata)
    uc_hextab                                0x08006da8   Data          20  _printf_hex_int_ll_ptr.o(.constdata)
    lc_hextab                                0x08006dbc   Data          20  _printf_hex_int_ll_ptr.o(.constdata)
    .constdata                               0x08006dd0   Section       17  __printf_flags_ss_wp.o(.constdata)
    maptable                                 0x08006dd0   Data          17  __printf_flags_ss_wp.o(.constdata)
    .constdata                               0x08006de1   Section       38  _printf_fp_hex.o(.constdata)
    lc_hextab                                0x08006de1   Data          19  _printf_fp_hex.o(.constdata)
    uc_hextab                                0x08006df4   Data          19  _printf_fp_hex.o(.constdata)
    .constdata                               0x08006e08   Section      148  bigflt0.o(.constdata)
    tenpwrs_x                                0x08006e08   Data          60  bigflt0.o(.constdata)
    tenpwrs_i                                0x08006e44   Data          64  bigflt0.o(.constdata)
    locale$$data                             0x08006ebc   Section       28  lc_numeric_c.o(locale$$data)
    __lcnum_c_name                           0x08006ec0   Data           2  lc_numeric_c.o(locale$$data)
    __lcnum_c_start                          0x08006ec8   Data           0  lc_numeric_c.o(locale$$data)
    __lcnum_c_point                          0x08006ed4   Data           0  lc_numeric_c.o(locale$$data)
    __lcnum_c_thousands                      0x08006ed6   Data           0  lc_numeric_c.o(locale$$data)
    __lcnum_c_grouping                       0x08006ed7   Data           0  lc_numeric_c.o(locale$$data)
    locale$$data                             0x08006ed8   Section      272  lc_ctype_c.o(locale$$data)
    __lcnum_c_end                            0x08006ed8   Data           0  lc_numeric_c.o(locale$$data)
    __lcctype_c_name                         0x08006edc   Data           2  lc_ctype_c.o(locale$$data)
    __lcctype_c_start                        0x08006ee4   Data           0  lc_ctype_c.o(locale$$data)
    __lcctype_c_end                          0x08006fe8   Data           0  lc_ctype_c.o(locale$$data)
    .data                                    0x20000000   Section       20  stm32f10x_rcc.o(.data)
    APBAHBPrescTable                         0x20000000   Data          16  stm32f10x_rcc.o(.data)
    ADCPrescTable                            0x20000010   Data           4  stm32f10x_rcc.o(.data)
    .data                                    0x20000014   Section        3  serial.o(.data)
    RxState                                  0x20000015   Data           1  serial.o(.data)
    pRxPacket                                0x20000016   Data           1  serial.o(.data)
    .data                                    0x20000018   Section        2  noise_sensor.o(.data)
    ADC_ConvertedValue                       0x20000018   Data           2  noise_sensor.o(.data)
    .data                                    0x2000001c   Section       60  main.o(.data)
    .bss                                     0x20000058   Section     1024  oled.o(.bss)
    .bss                                     0x20000458   Section      100  serial.o(.bss)
    .bss                                     0x200004bc   Section       96  libspace.o(.bss)
    HEAP                                     0x20000520   Section      512  startup_stm32f10x_md.o(HEAP)
    Heap_Mem                                 0x20000520   Data         512  startup_stm32f10x_md.o(HEAP)
    STACK                                    0x20000720   Section     1024  startup_stm32f10x_md.o(STACK)
    Stack_Mem                                0x20000720   Data        1024  startup_stm32f10x_md.o(STACK)
    __initial_sp                             0x20000b20   Data           0  startup_stm32f10x_md.o(STACK)

    Global Symbols

    Symbol Name                              Value     Ov Type        Size  Object(Section)

    BuildAttributes$$THM_ISAv4$P$D$K$B$S$PE$A:L22UL41UL21$X:L11$S22US41US21$IEEE1$IW$USESV6$~STKCKD$USESV7$~SHL$OTIME$ROPI$IEEEX$EBA8$UX$STANDARDLIB$REQ8$PRES8$EABIv2 0x00000000   Number         0  anon$$obj.o ABSOLUTE
    __ARM_use_no_argv                        0x00000000   Number         0  main.o ABSOLUTE
    _printf_flags                            0x00000000   Number         0  printf_stubs.o ABSOLUTE
    _printf_return_value                     0x00000000   Number         0  printf_stubs.o ABSOLUTE
    _printf_sizespec                         0x00000000   Number         0  printf_stubs.o ABSOLUTE
    _printf_widthprec                        0x00000000   Number         0  printf_stubs.o ABSOLUTE
    __ARM_exceptions_init                     - Undefined Weak Reference
    __alloca_initialize                       - Undefined Weak Reference
    __arm_preinit_                            - Undefined Weak Reference
    __cpp_initialize__aeabi_                  - Undefined Weak Reference
    __cxa_finalize                            - Undefined Weak Reference
    __sigvec_lookup                           - Undefined Weak Reference
    _atexit_init                              - Undefined Weak Reference
    _call_atexit_fns                          - Undefined Weak Reference
    _clock_init                               - Undefined Weak Reference
    _fp_trap_init                             - Undefined Weak Reference
    _fp_trap_shutdown                         - Undefined Weak Reference
    _get_lc_collate                           - Undefined Weak Reference
    _get_lc_monetary                          - Undefined Weak Reference
    _get_lc_time                              - Undefined Weak Reference
    _getenv_init                              - Undefined Weak Reference
    _handle_redirection                       - Undefined Weak Reference
    _init_alloc                               - Undefined Weak Reference
    _init_user_alloc                          - Undefined Weak Reference
    _initio                                   - Undefined Weak Reference
    _printf_mbtowc                            - Undefined Weak Reference
    _printf_wc                                - Undefined Weak Reference
    _rand_init                                - Undefined Weak Reference
    _signal_finish                            - Undefined Weak Reference
    _signal_init                              - Undefined Weak Reference
    _terminate_alloc                          - Undefined Weak Reference
    _terminate_user_alloc                     - Undefined Weak Reference
    _terminateio                              - Undefined Weak Reference
    __Vectors_Size                           0x000000ec   Number         0  startup_stm32f10x_md.o ABSOLUTE
    __Vectors                                0x08000000   Data           4  startup_stm32f10x_md.o(RESET)
    __Vectors_End                            0x080000ec   Data           0  startup_stm32f10x_md.o(RESET)
    __main                                   0x080000ed   Thumb Code     8  __main.o(!!!main)
    __scatterload                            0x080000f5   Thumb Code     0  __scatter.o(!!!scatter)
    __scatterload_rt2                        0x080000f5   Thumb Code    44  __scatter.o(!!!scatter)
    __scatterload_rt2_thumb_only             0x080000f5   Thumb Code     0  __scatter.o(!!!scatter)
    __scatterload_null                       0x08000103   Thumb Code     0  __scatter.o(!!!scatter)
    __scatterload_copy                       0x08000129   Thumb Code    26  __scatter_copy.o(!!handler_copy)
    __scatterload_zeroinit                   0x08000145   Thumb Code    28  __scatter_zi.o(!!handler_zi)
    _printf_n                                0x08000161   Thumb Code     0  _printf_n.o(.ARM.Collect$$_printf_percent$$00000001)
    _printf_percent                          0x08000161   Thumb Code     0  _printf_percent.o(.ARM.Collect$$_printf_percent$$00000000)
    _printf_p                                0x08000167   Thumb Code     0  _printf_p.o(.ARM.Collect$$_printf_percent$$00000002)
    _printf_f                                0x0800016d   Thumb Code     0  _printf_f.o(.ARM.Collect$$_printf_percent$$00000003)
    _printf_e                                0x08000173   Thumb Code     0  _printf_e.o(.ARM.Collect$$_printf_percent$$00000004)
    _printf_g                                0x08000179   Thumb Code     0  _printf_g.o(.ARM.Collect$$_printf_percent$$00000005)
    _printf_a                                0x0800017f   Thumb Code     0  _printf_a.o(.ARM.Collect$$_printf_percent$$00000006)
    _printf_ll                               0x08000185   Thumb Code     0  _printf_ll.o(.ARM.Collect$$_printf_percent$$00000007)
    _printf_i                                0x0800018f   Thumb Code     0  _printf_i.o(.ARM.Collect$$_printf_percent$$00000008)
    _printf_d                                0x08000195   Thumb Code     0  _printf_d.o(.ARM.Collect$$_printf_percent$$00000009)
    _printf_u                                0x0800019b   Thumb Code     0  _printf_u.o(.ARM.Collect$$_printf_percent$$0000000A)
    _printf_o                                0x080001a1   Thumb Code     0  _printf_o.o(.ARM.Collect$$_printf_percent$$0000000B)
    _printf_x                                0x080001a7   Thumb Code     0  _printf_x.o(.ARM.Collect$$_printf_percent$$0000000C)
    _printf_lli                              0x080001ad   Thumb Code     0  _printf_lli.o(.ARM.Collect$$_printf_percent$$0000000D)
    _printf_lld                              0x080001b3   Thumb Code     0  _printf_lld.o(.ARM.Collect$$_printf_percent$$0000000E)
    _printf_llu                              0x080001b9   Thumb Code     0  _printf_llu.o(.ARM.Collect$$_printf_percent$$0000000F)
    _printf_llo                              0x080001bf   Thumb Code     0  _printf_llo.o(.ARM.Collect$$_printf_percent$$00000010)
    _printf_llx                              0x080001c5   Thumb Code     0  _printf_llx.o(.ARM.Collect$$_printf_percent$$00000011)
    _printf_l                                0x080001cb   Thumb Code     0  _printf_l.o(.ARM.Collect$$_printf_percent$$00000012)
    _printf_c                                0x080001d5   Thumb Code     0  _printf_c.o(.ARM.Collect$$_printf_percent$$00000013)
    _printf_s                                0x080001db   Thumb Code     0  _printf_s.o(.ARM.Collect$$_printf_percent$$00000014)
    _printf_lc                               0x080001e1   Thumb Code     0  _printf_lc.o(.ARM.Collect$$_printf_percent$$00000015)
    _printf_ls                               0x080001e7   Thumb Code     0  _printf_ls.o(.ARM.Collect$$_printf_percent$$00000016)
    _printf_percent_end                      0x080001ed   Thumb Code     0  _printf_percent_end.o(.ARM.Collect$$_printf_percent$$00000017)
    __rt_lib_init                            0x080001f1   Thumb Code     0  libinit.o(.ARM.Collect$$libinit$$00000000)
    __rt_lib_init_fp_1                       0x080001f3   Thumb Code     0  libinit2.o(.ARM.Collect$$libinit$$00000002)
    __rt_lib_init_heap_1                     0x080001f3   Thumb Code     0  libinit2.o(.ARM.Collect$$libinit$$0000000A)
    __rt_lib_init_lc_common                  0x080001f3   Thumb Code     0  libinit2.o(.ARM.Collect$$libinit$$0000000F)
    __rt_lib_init_preinit_1                  0x080001f3   Thumb Code     0  libinit2.o(.ARM.Collect$$libinit$$00000004)
    __rt_lib_init_rand_1                     0x080001f3   Thumb Code     0  libinit2.o(.ARM.Collect$$libinit$$0000000E)
    __rt_lib_init_user_alloc_1               0x080001f3   Thumb Code     0  libinit2.o(.ARM.Collect$$libinit$$0000000C)
    __rt_lib_init_lc_collate_1               0x080001f9   Thumb Code     0  libinit2.o(.ARM.Collect$$libinit$$00000011)
    __rt_lib_init_lc_ctype_2                 0x080001f9   Thumb Code     0  libinit2.o(.ARM.Collect$$libinit$$00000012)
    __rt_lib_init_lc_ctype_1                 0x08000205   Thumb Code     0  libinit2.o(.ARM.Collect$$libinit$$00000013)
    __rt_lib_init_lc_monetary_1              0x08000205   Thumb Code     0  libinit2.o(.ARM.Collect$$libinit$$00000015)
    __rt_lib_init_lc_numeric_2               0x08000205   Thumb Code     0  libinit2.o(.ARM.Collect$$libinit$$00000016)
    __rt_lib_init_alloca_1                   0x0800020f   Thumb Code     0  libinit2.o(.ARM.Collect$$libinit$$0000002E)
    __rt_lib_init_argv_1                     0x0800020f   Thumb Code     0  libinit2.o(.ARM.Collect$$libinit$$0000002C)
    __rt_lib_init_atexit_1                   0x0800020f   Thumb Code     0  libinit2.o(.ARM.Collect$$libinit$$0000001B)
    __rt_lib_init_clock_1                    0x0800020f   Thumb Code     0  libinit2.o(.ARM.Collect$$libinit$$00000021)
    __rt_lib_init_cpp_1                      0x0800020f   Thumb Code     0  libinit2.o(.ARM.Collect$$libinit$$00000032)
    __rt_lib_init_exceptions_1               0x0800020f   Thumb Code     0  libinit2.o(.ARM.Collect$$libinit$$00000030)
    __rt_lib_init_fp_trap_1                  0x0800020f   Thumb Code     0  libinit2.o(.ARM.Collect$$libinit$$0000001F)
    __rt_lib_init_getenv_1                   0x0800020f   Thumb Code     0  libinit2.o(.ARM.Collect$$libinit$$00000023)
    __rt_lib_init_lc_numeric_1               0x0800020f   Thumb Code     0  libinit2.o(.ARM.Collect$$libinit$$00000017)
    __rt_lib_init_lc_time_1                  0x0800020f   Thumb Code     0  libinit2.o(.ARM.Collect$$libinit$$00000019)
    __rt_lib_init_return                     0x0800020f   Thumb Code     0  libinit2.o(.ARM.Collect$$libinit$$00000033)
    __rt_lib_init_signal_1                   0x0800020f   Thumb Code     0  libinit2.o(.ARM.Collect$$libinit$$0000001D)
    __rt_lib_init_stdio_1                    0x0800020f   Thumb Code     0  libinit2.o(.ARM.Collect$$libinit$$00000025)
    __rt_lib_shutdown                        0x08000211   Thumb Code     0  libshutdown.o(.ARM.Collect$$libshutdown$$00000000)
    __rt_lib_shutdown_cpp_1                  0x08000213   Thumb Code     0  libshutdown2.o(.ARM.Collect$$libshutdown$$00000002)
    __rt_lib_shutdown_fp_trap_1              0x08000213   Thumb Code     0  libshutdown2.o(.ARM.Collect$$libshutdown$$00000007)
    __rt_lib_shutdown_heap_1                 0x08000213   Thumb Code     0  libshutdown2.o(.ARM.Collect$$libshutdown$$0000000F)
    __rt_lib_shutdown_return                 0x08000213   Thumb Code     0  libshutdown2.o(.ARM.Collect$$libshutdown$$00000010)
    __rt_lib_shutdown_signal_1               0x08000213   Thumb Code     0  libshutdown2.o(.ARM.Collect$$libshutdown$$0000000A)
    __rt_lib_shutdown_stdio_1                0x08000213   Thumb Code     0  libshutdown2.o(.ARM.Collect$$libshutdown$$00000004)
    __rt_lib_shutdown_user_alloc_1           0x08000213   Thumb Code     0  libshutdown2.o(.ARM.Collect$$libshutdown$$0000000C)
    __rt_entry                               0x08000215   Thumb Code     0  __rtentry.o(.ARM.Collect$$rtentry$$00000000)
    __rt_entry_presh_1                       0x08000215   Thumb Code     0  __rtentry2.o(.ARM.Collect$$rtentry$$00000002)
    __rt_entry_sh                            0x08000215   Thumb Code     0  __rtentry4.o(.ARM.Collect$$rtentry$$00000004)
    __rt_entry_li                            0x0800021b   Thumb Code     0  __rtentry2.o(.ARM.Collect$$rtentry$$0000000A)
    __rt_entry_postsh_1                      0x0800021b   Thumb Code     0  __rtentry2.o(.ARM.Collect$$rtentry$$00000009)
    __rt_entry_main                          0x0800021f   Thumb Code     0  __rtentry2.o(.ARM.Collect$$rtentry$$0000000D)
    __rt_entry_postli_1                      0x0800021f   Thumb Code     0  __rtentry2.o(.ARM.Collect$$rtentry$$0000000C)
    __rt_exit                                0x08000227   Thumb Code     0  rtexit.o(.ARM.Collect$$rtexit$$00000000)
    __rt_exit_ls                             0x08000229   Thumb Code     0  rtexit2.o(.ARM.Collect$$rtexit$$00000003)
    __rt_exit_prels_1                        0x08000229   Thumb Code     0  rtexit2.o(.ARM.Collect$$rtexit$$00000002)
    __rt_exit_exit                           0x0800022d   Thumb Code     0  rtexit2.o(.ARM.Collect$$rtexit$$00000004)
    Reset_Handler                            0x08000235   Thumb Code     8  startup_stm32f10x_md.o(.text)
    ADC1_2_IRQHandler                        0x0800024f   Thumb Code     0  startup_stm32f10x_md.o(.text)
    CAN1_RX1_IRQHandler                      0x0800024f   Thumb Code     0  startup_stm32f10x_md.o(.text)
    CAN1_SCE_IRQHandler                      0x0800024f   Thumb Code     0  startup_stm32f10x_md.o(.text)
    DMA1_Channel1_IRQHandler                 0x0800024f   Thumb Code     0  startup_stm32f10x_md.o(.text)
    DMA1_Channel2_IRQHandler                 0x0800024f   Thumb Code     0  startup_stm32f10x_md.o(.text)
    DMA1_Channel3_IRQHandler                 0x0800024f   Thumb Code     0  startup_stm32f10x_md.o(.text)
    DMA1_Channel4_IRQHandler                 0x0800024f   Thumb Code     0  startup_stm32f10x_md.o(.text)
    DMA1_Channel5_IRQHandler                 0x0800024f   Thumb Code     0  startup_stm32f10x_md.o(.text)
    DMA1_Channel6_IRQHandler                 0x0800024f   Thumb Code     0  startup_stm32f10x_md.o(.text)
    DMA1_Channel7_IRQHandler                 0x0800024f   Thumb Code     0  startup_stm32f10x_md.o(.text)
    EXTI0_IRQHandler                         0x0800024f   Thumb Code     0  startup_stm32f10x_md.o(.text)
    EXTI15_10_IRQHandler                     0x0800024f   Thumb Code     0  startup_stm32f10x_md.o(.text)
    EXTI1_IRQHandler                         0x0800024f   Thumb Code     0  startup_stm32f10x_md.o(.text)
    EXTI2_IRQHandler                         0x0800024f   Thumb Code     0  startup_stm32f10x_md.o(.text)
    EXTI3_IRQHandler                         0x0800024f   Thumb Code     0  startup_stm32f10x_md.o(.text)
    EXTI4_IRQHandler                         0x0800024f   Thumb Code     0  startup_stm32f10x_md.o(.text)
    EXTI9_5_IRQHandler                       0x0800024f   Thumb Code     0  startup_stm32f10x_md.o(.text)
    FLASH_IRQHandler                         0x0800024f   Thumb Code     0  startup_stm32f10x_md.o(.text)
    I2C1_ER_IRQHandler                       0x0800024f   Thumb Code     0  startup_stm32f10x_md.o(.text)
    I2C1_EV_IRQHandler                       0x0800024f   Thumb Code     0  startup_stm32f10x_md.o(.text)
    I2C2_ER_IRQHandler                       0x0800024f   Thumb Code     0  startup_stm32f10x_md.o(.text)
    I2C2_EV_IRQHandler                       0x0800024f   Thumb Code     0  startup_stm32f10x_md.o(.text)
    PVD_IRQHandler                           0x0800024f   Thumb Code     0  startup_stm32f10x_md.o(.text)
    RCC_IRQHandler                           0x0800024f   Thumb Code     0  startup_stm32f10x_md.o(.text)
    RTCAlarm_IRQHandler                      0x0800024f   Thumb Code     0  startup_stm32f10x_md.o(.text)
    RTC_IRQHandler                           0x0800024f   Thumb Code     0  startup_stm32f10x_md.o(.text)
    SPI1_IRQHandler                          0x0800024f   Thumb Code     0  startup_stm32f10x_md.o(.text)
    SPI2_IRQHandler                          0x0800024f   Thumb Code     0  startup_stm32f10x_md.o(.text)
    TAMPER_IRQHandler                        0x0800024f   Thumb Code     0  startup_stm32f10x_md.o(.text)
    TIM1_BRK_IRQHandler                      0x0800024f   Thumb Code     0  startup_stm32f10x_md.o(.text)
    TIM1_CC_IRQHandler                       0x0800024f   Thumb Code     0  startup_stm32f10x_md.o(.text)
    TIM1_TRG_COM_IRQHandler                  0x0800024f   Thumb Code     0  startup_stm32f10x_md.o(.text)
    TIM1_UP_IRQHandler                       0x0800024f   Thumb Code     0  startup_stm32f10x_md.o(.text)
    TIM3_IRQHandler                          0x0800024f   Thumb Code     0  startup_stm32f10x_md.o(.text)
    TIM4_IRQHandler                          0x0800024f   Thumb Code     0  startup_stm32f10x_md.o(.text)
    USART2_IRQHandler                        0x0800024f   Thumb Code     0  startup_stm32f10x_md.o(.text)
    USART3_IRQHandler                        0x0800024f   Thumb Code     0  startup_stm32f10x_md.o(.text)
    USBWakeUp_IRQHandler                     0x0800024f   Thumb Code     0  startup_stm32f10x_md.o(.text)
    USB_HP_CAN1_TX_IRQHandler                0x0800024f   Thumb Code     0  startup_stm32f10x_md.o(.text)
    USB_LP_CAN1_RX0_IRQHandler               0x0800024f   Thumb Code     0  startup_stm32f10x_md.o(.text)
    WWDG_IRQHandler                          0x0800024f   Thumb Code     0  startup_stm32f10x_md.o(.text)
    __user_initial_stackheap                 0x08000251   Thumb Code     0  startup_stm32f10x_md.o(.text)
    vsprintf                                 0x08000275   Thumb Code    32  vsprintf.o(.text)
    strcmp                                   0x08000299   Thumb Code   128  strcmpv7m.o(.text)
    __use_two_region_memory                  0x08000319   Thumb Code     2  heapauxi.o(.text)
    __rt_heap_escrow$2region                 0x0800031b   Thumb Code     2  heapauxi.o(.text)
    __rt_heap_expand$2region                 0x0800031d   Thumb Code     2  heapauxi.o(.text)
    _printf_pre_padding                      0x0800031f   Thumb Code    44  _printf_pad.o(.text)
    _printf_post_padding                     0x0800034b   Thumb Code    34  _printf_pad.o(.text)
    _printf_truncate_signed                  0x0800036d   Thumb Code    18  _printf_truncate.o(.text)
    _printf_truncate_unsigned                0x0800037f   Thumb Code    18  _printf_truncate.o(.text)
    _printf_str                              0x08000391   Thumb Code    82  _printf_str.o(.text)
    _printf_int_dec                          0x080003e5   Thumb Code   104  _printf_dec.o(.text)
    _printf_charcount                        0x0800045d   Thumb Code    40  _printf_charcount.o(.text)
    _printf_char_common                      0x0800048f   Thumb Code    32  _printf_char_common.o(.text)
    _sputc                                   0x080004b5   Thumb Code    10  _sputc.o(.text)
    _printf_wctomb                           0x080004c1   Thumb Code   182  _printf_wctomb.o(.text)
    _printf_longlong_dec                     0x0800057d   Thumb Code   108  _printf_longlong_dec.o(.text)
    _printf_longlong_oct                     0x080005f9   Thumb Code    68  _printf_oct_int_ll.o(.text)
    _printf_int_oct                          0x0800063d   Thumb Code    24  _printf_oct_int_ll.o(.text)
    _printf_ll_oct                           0x08000655   Thumb Code    12  _printf_oct_int_ll.o(.text)
    _printf_longlong_hex                     0x08000669   Thumb Code    86  _printf_hex_int_ll_ptr.o(.text)
    _printf_int_hex                          0x080006bf   Thumb Code    28  _printf_hex_int_ll_ptr.o(.text)
    _printf_ll_hex                           0x080006db   Thumb Code    12  _printf_hex_int_ll_ptr.o(.text)
    _printf_hex_ptr                          0x080006e7   Thumb Code    18  _printf_hex_int_ll_ptr.o(.text)
    __printf                                 0x080006fd   Thumb Code   388  __printf_flags_ss_wp.o(.text)
    _ll_udiv10                               0x08000885   Thumb Code   138  lludiv10.o(.text)
    _printf_int_common                       0x0800090f   Thumb Code   178  _printf_intcommon.o(.text)
    __lib_sel_fp_printf                      0x080009c1   Thumb Code     2  _printf_fp_dec.o(.text)
    _printf_fp_dec_real                      0x08000b6f   Thumb Code   620  _printf_fp_dec.o(.text)
    _printf_fp_hex_real                      0x08000ddd   Thumb Code   756  _printf_fp_hex.o(.text)
    _printf_cs_common                        0x080010d9   Thumb Code    20  _printf_char.o(.text)
    _printf_char                             0x080010ed   Thumb Code    16  _printf_char.o(.text)
    _printf_string                           0x080010fd   Thumb Code     8  _printf_char.o(.text)
    _printf_lcs_common                       0x08001105   Thumb Code    20  _printf_wchar.o(.text)
    _printf_wchar                            0x08001119   Thumb Code    16  _printf_wchar.o(.text)
    _printf_wstring                          0x08001129   Thumb Code     8  _printf_wchar.o(.text)
    _wcrtomb                                 0x08001131   Thumb Code    64  _wcrtomb.o(.text)
    __user_libspace                          0x08001171   Thumb Code     8  libspace.o(.text)
    __user_perproc_libspace                  0x08001171   Thumb Code     0  libspace.o(.text)
    __user_perthread_libspace                0x08001171   Thumb Code     0  libspace.o(.text)
    __user_setup_stackheap                   0x08001179   Thumb Code    74  sys_stackheap_outer.o(.text)
    __rt_ctype_table                         0x080011c5   Thumb Code    16  rt_ctype_table.o(.text)
    __rt_locale                              0x080011d5   Thumb Code     8  rt_locale_intlibspace.o(.text)
    _printf_fp_infnan                        0x080011dd   Thumb Code   112  _printf_fp_infnan.o(.text)
    _btod_etento                             0x0800125d   Thumb Code   216  bigflt0.o(.text)
    exit                                     0x08001339   Thumb Code    18  exit.o(.text)
    _sys_exit                                0x0800134d   Thumb Code     8  sys_exit.o(.text)
    __I$use$semihosting                      0x08001359   Thumb Code     0  use_no_semi.o(.text)
    __use_no_semihosting_swi                 0x08001359   Thumb Code     2  use_no_semi.o(.text)
    __semihosting_library_function           0x0800135b   Thumb Code     0  indicate_semi.o(.text)
    _btod_d2e                                0x0800135b   Thumb Code    62  btod.o(CL$$btod_d2e)
    _d2e_denorm_low                          0x08001399   Thumb Code    70  btod.o(CL$$btod_d2e_denorm_low)
    _d2e_norm_op1                            0x080013df   Thumb Code    96  btod.o(CL$$btod_d2e_norm_op1)
    __btod_div_common                        0x0800143f   Thumb Code   696  btod.o(CL$$btod_div_common)
    _e2e                                     0x08001777   Thumb Code   198  btod.o(CL$$btod_e2e)
    _btod_ediv                               0x0800183d   Thumb Code    40  btod.o(CL$$btod_ediv)
    _btod_emul                               0x08001865   Thumb Code    40  btod.o(CL$$btod_emul)
    __btod_mult_common                       0x0800188d   Thumb Code   580  btod.o(CL$$btod_mult_common)
    ADC_Cmd                                  0x08001ad1   Thumb Code    22  stm32f10x_adc.o(i.ADC_Cmd)
    ADC_DMACmd                               0x08001ae7   Thumb Code    22  stm32f10x_adc.o(i.ADC_DMACmd)
    ADC_GetCalibrationStatus                 0x08001afd   Thumb Code    20  stm32f10x_adc.o(i.ADC_GetCalibrationStatus)
    ADC_GetResetCalibrationStatus            0x08001b11   Thumb Code    20  stm32f10x_adc.o(i.ADC_GetResetCalibrationStatus)
    ADC_Init                                 0x08001b25   Thumb Code    70  stm32f10x_adc.o(i.ADC_Init)
    ADC_RegularChannelConfig                 0x08001b75   Thumb Code   184  stm32f10x_adc.o(i.ADC_RegularChannelConfig)
    ADC_ResetCalibration                     0x08001c2d   Thumb Code    10  stm32f10x_adc.o(i.ADC_ResetCalibration)
    ADC_SoftwareStartConvCmd                 0x08001c37   Thumb Code    22  stm32f10x_adc.o(i.ADC_SoftwareStartConvCmd)
    ADC_StartCalibration                     0x08001c4d   Thumb Code    10  stm32f10x_adc.o(i.ADC_StartCalibration)
    BusFault_Handler                         0x08001c57   Thumb Code     4  stm32f10x_it.o(i.BusFault_Handler)
    DMA_Cmd                                  0x08001c5b   Thumb Code    24  stm32f10x_dma.o(i.DMA_Cmd)
    DMA_DeInit                               0x08001c75   Thumb Code   324  stm32f10x_dma.o(i.DMA_DeInit)
    DMA_Init                                 0x08001dc1   Thumb Code    60  stm32f10x_dma.o(i.DMA_Init)
    DebugMon_Handler                         0x08001dfd   Thumb Code     2  stm32f10x_it.o(i.DebugMon_Handler)
    Delay_ms                                 0x08001dff   Thumb Code    24  delay.o(i.Delay_ms)
    Delay_us                                 0x08001e17   Thumb Code    46  delay.o(i.Delay_us)
    FLASH_SetLatency                         0x08001e45   Thumb Code    18  stm32f10x_flash.o(i.FLASH_SetLatency)
    GPIO_Init                                0x08001e5d   Thumb Code   278  stm32f10x_gpio.o(i.GPIO_Init)
    GPIO_Init_Robot                          0x08001f75   Thumb Code    78  main.o(i.GPIO_Init_Robot)
    GPIO_PinRemapConfig                      0x08001fd1   Thumb Code   138  stm32f10x_gpio.o(i.GPIO_PinRemapConfig)
    GPIO_ReadInputDataBit                    0x08002061   Thumb Code    18  stm32f10x_gpio.o(i.GPIO_ReadInputDataBit)
    GPIO_ResetBits                           0x08002073   Thumb Code     4  stm32f10x_gpio.o(i.GPIO_ResetBits)
    GPIO_SetBits                             0x08002077   Thumb Code     4  stm32f10x_gpio.o(i.GPIO_SetBits)
    GPIO_WriteBit                            0x0800207b   Thumb Code    10  stm32f10x_gpio.o(i.GPIO_WriteBit)
    HardFault_Handler                        0x08002085   Thumb Code     4  stm32f10x_it.o(i.HardFault_Handler)
    Input_Init                               0x08002089   Thumb Code    74  input.o(i.Input_Init)
    LED1_OFF                                 0x080020d9   Thumb Code    14  led.o(i.LED1_OFF)
    LED1_ON                                  0x080020ed   Thumb Code    14  led.o(i.LED1_ON)
    LED_Init                                 0x08002101   Thumb Code    58  led.o(i.LED_Init)
    MemManage_Handler                        0x08002145   Thumb Code     4  stm32f10x_it.o(i.MemManage_Handler)
    NMI_Handler                              0x08002149   Thumb Code     2  stm32f10x_it.o(i.NMI_Handler)
    NVIC_Init                                0x0800214d   Thumb Code   100  misc.o(i.NVIC_Init)
    NVIC_PriorityGroupConfig                 0x080021bd   Thumb Code    10  misc.o(i.NVIC_PriorityGroupConfig)
    Noise_Sensor_GetDB                       0x080021d1   Thumb Code    80  noise_sensor.o(i.Noise_Sensor_GetDB)
    Noise_Sensor_GetData                     0x08002235   Thumb Code    84  noise_sensor.o(i.Noise_Sensor_GetData)
    Noise_Sensor_GetLevel                    0x08002339   Thumb Code    50  noise_sensor.o(i.Noise_Sensor_GetLevel)
    Noise_Sensor_Init                        0x08002379   Thumb Code   240  noise_sensor.o(i.Noise_Sensor_Init)
    OLED_Clear                               0x08002479   Thumb Code    36  oled.o(i.OLED_Clear)
    OLED_ClearArea                           0x080024a1   Thumb Code   162  oled.o(i.OLED_ClearArea)
    OLED_GPIO_Init                           0x08002549   Thumb Code    92  oled.o(i.OLED_GPIO_Init)
    OLED_I2C_SendByte                        0x080025a9   Thumb Code    62  oled.o(i.OLED_I2C_SendByte)
    OLED_I2C_Start                           0x080025e7   Thumb Code    28  oled.o(i.OLED_I2C_Start)
    OLED_I2C_Stop                            0x08002603   Thumb Code    22  oled.o(i.OLED_I2C_Stop)
    OLED_Init                                0x08002619   Thumb Code   146  oled.o(i.OLED_Init)
    OLED_Printf                              0x080026ab   Thumb Code    50  oled.o(i.OLED_Printf)
    OLED_SetCursor                           0x080026dd   Thumb Code    34  oled.o(i.OLED_SetCursor)
    OLED_ShowChar                            0x08002701   Thumb Code    74  oled.o(i.OLED_ShowChar)
    OLED_ShowImage                           0x08002755   Thumb Code   296  oled.o(i.OLED_ShowImage)
    OLED_ShowString                          0x08002881   Thumb Code    46  oled.o(i.OLED_ShowString)
    OLED_Update                              0x080028b1   Thumb Code    36  oled.o(i.OLED_Update)
    OLED_W_SCL                               0x080028d9   Thumb Code    18  oled.o(i.OLED_W_SCL)
    OLED_W_SDA                               0x080028f1   Thumb Code    18  oled.o(i.OLED_W_SDA)
    OLED_WriteCommand                        0x08002909   Thumb Code    32  oled.o(i.OLED_WriteCommand)
    OLED_WriteData                           0x08002929   Thumb Code    46  oled.o(i.OLED_WriteData)
    PWM_Init                                 0x08002959   Thumb Code   176  pwm.o(i.PWM_Init)
    PWM_Init_TIM3                            0x08002a0d   Thumb Code   162  pwm.o(i.PWM_Init_TIM3)
    PWM_SetCompare1                          0x08002ab9   Thumb Code    16  pwm.o(i.PWM_SetCompare1)
    PWM_SetCompare1_TIM3                     0x08002ac9   Thumb Code    14  pwm.o(i.PWM_SetCompare1_TIM3)
    PWM_SetCompare2                          0x08002add   Thumb Code    16  pwm.o(i.PWM_SetCompare2)
    PWM_SetCompare2_TIM3                     0x08002aed   Thumb Code    14  pwm.o(i.PWM_SetCompare2_TIM3)
    PWM_SetCompare3                          0x08002b01   Thumb Code    16  pwm.o(i.PWM_SetCompare3)
    PWM_SetCompare3_TIM3                     0x08002b11   Thumb Code    14  pwm.o(i.PWM_SetCompare3_TIM3)
    PWM_SetCompare4                          0x08002b25   Thumb Code    16  pwm.o(i.PWM_SetCompare4)
    PWM_SetCompare4_TIM3                     0x08002b35   Thumb Code    14  pwm.o(i.PWM_SetCompare4_TIM3)
    PendSV_Handler                           0x08002b49   Thumb Code     2  stm32f10x_it.o(i.PendSV_Handler)
    ProcessCommand                           0x08002b4d   Thumb Code   704  main.o(i.ProcessCommand)
    RCC_AHBPeriphClockCmd                    0x08002e71   Thumb Code    26  stm32f10x_rcc.o(i.RCC_AHBPeriphClockCmd)
    RCC_APB1PeriphClockCmd                   0x08002e91   Thumb Code    26  stm32f10x_rcc.o(i.RCC_APB1PeriphClockCmd)
    RCC_APB2PeriphClockCmd                   0x08002eb1   Thumb Code    26  stm32f10x_rcc.o(i.RCC_APB2PeriphClockCmd)
    RCC_DeInit                               0x08002ed1   Thumb Code    64  stm32f10x_rcc.o(i.RCC_DeInit)
    RCC_GetClocksFreq                        0x08002f1d   Thumb Code   192  stm32f10x_rcc.o(i.RCC_GetClocksFreq)
    RCC_GetFlagStatus                        0x08002ff1   Thumb Code    56  stm32f10x_rcc.o(i.RCC_GetFlagStatus)
    RCC_GetSYSCLKSource                      0x0800302d   Thumb Code    10  stm32f10x_rcc.o(i.RCC_GetSYSCLKSource)
    RCC_HCLKConfig                           0x0800303d   Thumb Code    18  stm32f10x_rcc.o(i.RCC_HCLKConfig)
    RCC_HSEConfig                            0x08003055   Thumb Code    70  stm32f10x_rcc.o(i.RCC_HSEConfig)
    RCC_PCLK1Config                          0x080030a1   Thumb Code    18  stm32f10x_rcc.o(i.RCC_PCLK1Config)
    RCC_PCLK2Config                          0x080030b9   Thumb Code    20  stm32f10x_rcc.o(i.RCC_PCLK2Config)
    RCC_PLLCmd                               0x080030d1   Thumb Code     6  stm32f10x_rcc.o(i.RCC_PLLCmd)
    RCC_PLLConfig                            0x080030dd   Thumb Code    24  stm32f10x_rcc.o(i.RCC_PLLConfig)
    RCC_SYSCLKConfig                         0x080030f9   Thumb Code    18  stm32f10x_rcc.o(i.RCC_SYSCLKConfig)
    ReadSensors                              0x08003111   Thumb Code    78  main.o(i.ReadSensors)
    SVC_Handler                              0x08003171   Thumb Code     2  stm32f10x_it.o(i.SVC_Handler)
    Serial_Init                              0x08003175   Thumb Code   174  serial.o(i.Serial_Init)
    Serial_Printf                            0x0800322d   Thumb Code    36  serial.o(i.Serial_Printf)
    Serial_SendByte                          0x08003251   Thumb Code    28  serial.o(i.Serial_SendByte)
    Serial_SendString                        0x08003271   Thumb Code    26  serial.o(i.Serial_SendString)
    Servo_Init                               0x0800328b   Thumb Code    12  servo.o(i.Servo_Init)
    Servo_SetAngle1                          0x08003299   Thumb Code    48  servo.o(i.Servo_SetAngle1)
    Servo_SetAngle2                          0x080032d5   Thumb Code    48  servo.o(i.Servo_SetAngle2)
    Servo_SetAngle3                          0x08003311   Thumb Code    48  servo.o(i.Servo_SetAngle3)
    Servo_SetAngle4                          0x0800334d   Thumb Code    48  servo.o(i.Servo_SetAngle4)
    Servo_SetAngle5                          0x08003389   Thumb Code    48  servo.o(i.Servo_SetAngle5)
    Servo_SetAngle6                          0x080033c5   Thumb Code    48  servo.o(i.Servo_SetAngle6)
    Servo_SetAngle7                          0x08003401   Thumb Code    48  servo.o(i.Servo_SetAngle7)
    Servo_SetAngle8                          0x0800343d   Thumb Code    48  servo.o(i.Servo_SetAngle8)
    SysTick_Handler                          0x08003561   Thumb Code     2  stm32f10x_it.o(i.SysTick_Handler)
    SystemClock_Config                       0x08003563   Thumb Code   100  main.o(i.SystemClock_Config)
    SystemInit                               0x080035c9   Thumb Code    78  system_stm32f10x.o(i.SystemInit)
    TIM2_IRQHandler                          0x08003629   Thumb Code     2  stm32f10x_it.o(i.TIM2_IRQHandler)
    TIM_Cmd                                  0x0800362b   Thumb Code    24  stm32f10x_tim.o(i.TIM_Cmd)
    TIM_InternalClockConfig                  0x08003643   Thumb Code    12  stm32f10x_tim.o(i.TIM_InternalClockConfig)
    TIM_OC1Init                              0x08003651   Thumb Code   132  stm32f10x_tim.o(i.TIM_OC1Init)
    TIM_OC2Init                              0x080036e9   Thumb Code   154  stm32f10x_tim.o(i.TIM_OC2Init)
    TIM_OC3Init                              0x0800378d   Thumb Code   150  stm32f10x_tim.o(i.TIM_OC3Init)
    TIM_OC4Init                              0x0800382d   Thumb Code   114  stm32f10x_tim.o(i.TIM_OC4Init)
    TIM_OCStructInit                         0x080038a9   Thumb Code    20  stm32f10x_tim.o(i.TIM_OCStructInit)
    TIM_SetCompare1                          0x080038bd   Thumb Code     4  stm32f10x_tim.o(i.TIM_SetCompare1)
    TIM_SetCompare2                          0x080038c1   Thumb Code     4  stm32f10x_tim.o(i.TIM_SetCompare2)
    TIM_SetCompare3                          0x080038c5   Thumb Code     4  stm32f10x_tim.o(i.TIM_SetCompare3)
    TIM_SetCompare4                          0x080038c9   Thumb Code     6  stm32f10x_tim.o(i.TIM_SetCompare4)
    TIM_TimeBaseInit                         0x080038d1   Thumb Code   122  stm32f10x_tim.o(i.TIM_TimeBaseInit)
    Tick_Delay                               0x08003975   Thumb Code    42  main.o(i.Tick_Delay)
    USART1_IRQHandler                        0x080039a5   Thumb Code   140  serial.o(i.USART1_IRQHandler)
    USART_ClearITPendingBit                  0x08003a45   Thumb Code    30  stm32f10x_usart.o(i.USART_ClearITPendingBit)
    USART_Cmd                                0x08003a63   Thumb Code    24  stm32f10x_usart.o(i.USART_Cmd)
    USART_GetFlagStatus                      0x08003a7b   Thumb Code    26  stm32f10x_usart.o(i.USART_GetFlagStatus)
    USART_GetITStatus                        0x08003a95   Thumb Code    84  stm32f10x_usart.o(i.USART_GetITStatus)
    USART_ITConfig                           0x08003ae9   Thumb Code    74  stm32f10x_usart.o(i.USART_ITConfig)
    USART_Init                               0x08003b35   Thumb Code   210  stm32f10x_usart.o(i.USART_Init)
    USART_ReceiveData                        0x08003c0d   Thumb Code    10  stm32f10x_usart.o(i.USART_ReceiveData)
    USART_SendData                           0x08003c17   Thumb Code     8  stm32f10x_usart.o(i.USART_SendData)
    UpdateDisplay                            0x08003c21   Thumb Code   110  main.o(i.UpdateDisplay)
    UpdateServo                              0x08003ce5   Thumb Code  1414  main.o(i.UpdateServo)
    UsageFault_Handler                       0x080042a1   Thumb Code     4  stm32f10x_it.o(i.UsageFault_Handler)
    __ARM_fpclassify                         0x080042a5   Thumb Code    40  fpclassify.o(i.__ARM_fpclassify)
    _is_digit                                0x080042cd   Thumb Code    14  __printf_wp.o(i._is_digit)
    bh1750_get_lux                           0x080042dd   Thumb Code    68  bh1750.o(i.bh1750_get_lux)
    bh1750_init                              0x08004325   Thumb Code   106  bh1750.o(i.bh1750_init)
    hcsr04_get_distance                      0x080045e1   Thumb Code   170  hcsr04.o(i.hcsr04_get_distance)
    hcsr04_init                              0x0800469d   Thumb Code    72  hcsr04.o(i.hcsr04_init)
    main                                     0x080046e9   Thumb Code   374  main.o(i.main)
    _get_lc_numeric                          0x080048b5   Thumb Code    44  lc_numeric_c.o(locale$$code)
    _get_lc_ctype                            0x080048e1   Thumb Code    44  lc_ctype_c.o(locale$$code)
    __aeabi_d2f                              0x0800490d   Thumb Code     0  d2f.o(x$fpl$d2f)
    _d2f                                     0x0800490d   Thumb Code    98  d2f.o(x$fpl$d2f)
    __aeabi_ddiv                             0x08004971   Thumb Code     0  ddiv.o(x$fpl$ddiv)
    _ddiv                                    0x08004971   Thumb Code   552  ddiv.o(x$fpl$ddiv)
    __aeabi_ui2d                             0x08004c21   Thumb Code     0  dflt_clz.o(x$fpl$dfltu)
    _dfltu                                   0x08004c21   Thumb Code    38  dflt_clz.o(x$fpl$dfltu)
    __aeabi_dmul                             0x08004c49   Thumb Code     0  dmul.o(x$fpl$dmul)
    _dmul                                    0x08004c49   Thumb Code   332  dmul.o(x$fpl$dmul)
    __fpl_dnaninf                            0x08004d9d   Thumb Code   156  dnaninf.o(x$fpl$dnaninf)
    __fpl_dretinf                            0x08004e39   Thumb Code    12  dretinf.o(x$fpl$dretinf)
    __aeabi_f2d                              0x08004e45   Thumb Code     0  f2d.o(x$fpl$f2d)
    _f2d                                     0x08004e45   Thumb Code    86  f2d.o(x$fpl$f2d)
    __aeabi_fadd                             0x08004e9d   Thumb Code     0  faddsub_clz.o(x$fpl$fadd)
    _fadd                                    0x08004e9d   Thumb Code   196  faddsub_clz.o(x$fpl$fadd)
    __fpl_fcmp_Inf                           0x08004f61   Thumb Code    24  fcmpi.o(x$fpl$fcmpinf)
    __aeabi_fdiv                             0x08004f79   Thumb Code     0  fdiv.o(x$fpl$fdiv)
    _fdiv                                    0x08004f79   Thumb Code   384  fdiv.o(x$fpl$fdiv)
    __aeabi_f2uiz                            0x080050fd   Thumb Code     0  ffixu.o(x$fpl$ffixu)
    _ffixu                                   0x080050fd   Thumb Code    62  ffixu.o(x$fpl$ffixu)
    __aeabi_i2f                              0x0800513d   Thumb Code     0  fflt_clz.o(x$fpl$fflt)
    _fflt                                    0x0800513d   Thumb Code    48  fflt_clz.o(x$fpl$fflt)
    __aeabi_ui2f                             0x0800516d   Thumb Code     0  fflt_clz.o(x$fpl$ffltu)
    _ffltu                                   0x0800516d   Thumb Code    38  fflt_clz.o(x$fpl$ffltu)
    __aeabi_cfcmple                          0x08005195   Thumb Code     0  fleqf.o(x$fpl$fleqf)
    _fcmple                                  0x08005195   Thumb Code   104  fleqf.o(x$fpl$fleqf)
    __fpl_fcmple_InfNaN                      0x080051e7   Thumb Code     0  fleqf.o(x$fpl$fleqf)
    __aeabi_fmul                             0x080051fd   Thumb Code     0  fmul.o(x$fpl$fmul)
    _fmul                                    0x080051fd   Thumb Code   258  fmul.o(x$fpl$fmul)
    __fpl_fnaninf                            0x080052ff   Thumb Code   140  fnaninf.o(x$fpl$fnaninf)
    __fpl_fretinf                            0x0800538b   Thumb Code    10  fretinf.o(x$fpl$fretinf)
    __aeabi_cfrcmple                         0x08005395   Thumb Code     0  frleqf.o(x$fpl$frleqf)
    _frcmple                                 0x08005395   Thumb Code    98  frleqf.o(x$fpl$frleqf)
    __aeabi_fsub                             0x080053f9   Thumb Code     0  faddsub_clz.o(x$fpl$fsub)
    _fsub                                    0x080053f9   Thumb Code   234  faddsub_clz.o(x$fpl$fsub)
    _printf_fp_dec                           0x080054e3   Thumb Code     4  printf1.o(x$fpl$printf1)
    _printf_fp_hex                           0x080054e7   Thumb Code     4  printf2.o(x$fpl$printf2)
    OLED_F8x16                               0x080054ea   Data        1520  oled_data.o(.constdata)
    __I$use$fp                               0x080054ea   Number         0  usenofp.o(x$fpl$usenofp)
    OLED_F6x8                                0x08005ada   Data         570  oled_data.o(.constdata)
    OLED_CF16x16                             0x08005d14   Data         108  oled_data.o(.constdata)
    Diode                                    0x08005d80   Data          32  oled_data.o(.constdata)
    BiLi                                     0x08005da0   Data        1024  oled_data.o(.constdata)
    DOUYIN                                   0x080061a0   Data        1024  oled_data.o(.constdata)
    LiC                                      0x080065a0   Data        1024  oled_data.o(.constdata)
    HJMMB                                    0x080069a0   Data        1024  oled_data.o(.constdata)
    Region$$Table$$Base                      0x08006e9c   Number         0  anon$$obj.o(Region$$Table)
    Region$$Table$$Limit                     0x08006ebc   Number         0  anon$$obj.o(Region$$Table)
    __ctype                                  0x08006ee5   Data           0  lc_ctype_c.o(locale$$data)
    Serial_RxFlag                            0x20000014   Data           1  serial.o(.data)
    system_tick                              0x2000001c   Data           4  main.o(.data)
    action_state                             0x20000020   Data           1  main.o(.data)
    step_counter                             0x20000022   Data           2  main.o(.data)
    auto_mode                                0x20000024   Data           1  main.o(.data)
    wave_state                               0x20000025   Data           1  main.o(.data)
    lift_state                               0x20000026   Data           1  main.o(.data)
    target_action                            0x20000027   Data           1  main.o(.data)
    transition_state                         0x20000028   Data           1  main.o(.data)
    obstacle_avoiding                        0x20000029   Data           1  main.o(.data)
    air_detect_state                         0x2000002a   Data           1  main.o(.data)
    collect_mode                             0x2000002b   Data           1  main.o(.data)
    servo_angle                              0x2000002c   Data          32  main.o(.data)
    lux_value                                0x2000004c   Data           4  main.o(.data)
    distance_value                           0x20000050   Data           4  main.o(.data)
    noise_value                              0x20000054   Data           4  main.o(.data)
    OLED_DisplayBuf                          0x20000058   Data        1024  oled.o(.bss)
    Serial_RxPacket                          0x20000458   Data         100  serial.o(.bss)
    __libspace_start                         0x200004bc   Data          96  libspace.o(.bss)
    __temporary_stack_top$libspace           0x2000051c   Data           0  libspace.o(.bss)



==============================================================================

Memory Map of the image

  Image Entry point : 0x080000ed

  Load Region LR_IROM1 (Base: 0x08000000, Size: 0x00007040, Max: 0x00010000, ABSOLUTE)

    Execution Region ER_IROM1 (Base: 0x08000000, Size: 0x00006fe8, Max: 0x00010000, ABSOLUTE)

    Base Addr    Size         Type   Attr      Idx    E Section Name        Object

    0x08000000   0x000000ec   Data   RO            3    RESET               startup_stm32f10x_md.o
    0x080000ec   0x00000008   Code   RO         4300  * !!!main             c_w.l(__main.o)
    0x080000f4   0x00000034   Code   RO         4745    !!!scatter          c_w.l(__scatter.o)
    0x08000128   0x0000001a   Code   RO         4747    !!handler_copy      c_w.l(__scatter_copy.o)
    0x08000142   0x00000002   PAD
    0x08000144   0x0000001c   Code   RO         4749    !!handler_zi        c_w.l(__scatter_zi.o)
    0x08000160   0x00000000   Code   RO         4454    .ARM.Collect$$_printf_percent$$00000000  c_w.l(_printf_percent.o)
    0x08000160   0x00000006   Code   RO         4443    .ARM.Collect$$_printf_percent$$00000001  c_w.l(_printf_n.o)
    0x08000166   0x00000006   Code   RO         4445    .ARM.Collect$$_printf_percent$$00000002  c_w.l(_printf_p.o)
    0x0800016c   0x00000006   Code   RO         4450    .ARM.Collect$$_printf_percent$$00000003  c_w.l(_printf_f.o)
    0x08000172   0x00000006   Code   RO         4451    .ARM.Collect$$_printf_percent$$00000004  c_w.l(_printf_e.o)
    0x08000178   0x00000006   Code   RO         4452    .ARM.Collect$$_printf_percent$$00000005  c_w.l(_printf_g.o)
    0x0800017e   0x00000006   Code   RO         4453    .ARM.Collect$$_printf_percent$$00000006  c_w.l(_printf_a.o)
    0x08000184   0x0000000a   Code   RO         4458    .ARM.Collect$$_printf_percent$$00000007  c_w.l(_printf_ll.o)
    0x0800018e   0x00000006   Code   RO         4447    .ARM.Collect$$_printf_percent$$00000008  c_w.l(_printf_i.o)
    0x08000194   0x00000006   Code   RO         4448    .ARM.Collect$$_printf_percent$$00000009  c_w.l(_printf_d.o)
    0x0800019a   0x00000006   Code   RO         4449    .ARM.Collect$$_printf_percent$$0000000A  c_w.l(_printf_u.o)
    0x080001a0   0x00000006   Code   RO         4446    .ARM.Collect$$_printf_percent$$0000000B  c_w.l(_printf_o.o)
    0x080001a6   0x00000006   Code   RO         4444    .ARM.Collect$$_printf_percent$$0000000C  c_w.l(_printf_x.o)
    0x080001ac   0x00000006   Code   RO         4455    .ARM.Collect$$_printf_percent$$0000000D  c_w.l(_printf_lli.o)
    0x080001b2   0x00000006   Code   RO         4456    .ARM.Collect$$_printf_percent$$0000000E  c_w.l(_printf_lld.o)
    0x080001b8   0x00000006   Code   RO         4457    .ARM.Collect$$_printf_percent$$0000000F  c_w.l(_printf_llu.o)
    0x080001be   0x00000006   Code   RO         4462    .ARM.Collect$$_printf_percent$$00000010  c_w.l(_printf_llo.o)
    0x080001c4   0x00000006   Code   RO         4463    .ARM.Collect$$_printf_percent$$00000011  c_w.l(_printf_llx.o)
    0x080001ca   0x0000000a   Code   RO         4459    .ARM.Collect$$_printf_percent$$00000012  c_w.l(_printf_l.o)
    0x080001d4   0x00000006   Code   RO         4441    .ARM.Collect$$_printf_percent$$00000013  c_w.l(_printf_c.o)
    0x080001da   0x00000006   Code   RO         4442    .ARM.Collect$$_printf_percent$$00000014  c_w.l(_printf_s.o)
    0x080001e0   0x00000006   Code   RO         4460    .ARM.Collect$$_printf_percent$$00000015  c_w.l(_printf_lc.o)
    0x080001e6   0x00000006   Code   RO         4461    .ARM.Collect$$_printf_percent$$00000016  c_w.l(_printf_ls.o)
    0x080001ec   0x00000004   Code   RO         4547    .ARM.Collect$$_printf_percent$$00000017  c_w.l(_printf_percent_end.o)
    0x080001f0   0x00000002   Code   RO         4607    .ARM.Collect$$libinit$$00000000  c_w.l(libinit.o)
    0x080001f2   0x00000000   Code   RO         4618    .ARM.Collect$$libinit$$00000002  c_w.l(libinit2.o)
    0x080001f2   0x00000000   Code   RO         4620    .ARM.Collect$$libinit$$00000004  c_w.l(libinit2.o)
    0x080001f2   0x00000000   Code   RO         4623    .ARM.Collect$$libinit$$0000000A  c_w.l(libinit2.o)
    0x080001f2   0x00000000   Code   RO         4625    .ARM.Collect$$libinit$$0000000C  c_w.l(libinit2.o)
    0x080001f2   0x00000000   Code   RO         4627    .ARM.Collect$$libinit$$0000000E  c_w.l(libinit2.o)
    0x080001f2   0x00000006   Code   RO         4628    .ARM.Collect$$libinit$$0000000F  c_w.l(libinit2.o)
    0x080001f8   0x00000000   Code   RO         4630    .ARM.Collect$$libinit$$00000011  c_w.l(libinit2.o)
    0x080001f8   0x0000000c   Code   RO         4631    .ARM.Collect$$libinit$$00000012  c_w.l(libinit2.o)
    0x08000204   0x00000000   Code   RO         4632    .ARM.Collect$$libinit$$00000013  c_w.l(libinit2.o)
    0x08000204   0x00000000   Code   RO         4634    .ARM.Collect$$libinit$$00000015  c_w.l(libinit2.o)
    0x08000204   0x0000000a   Code   RO         4635    .ARM.Collect$$libinit$$00000016  c_w.l(libinit2.o)
    0x0800020e   0x00000000   Code   RO         4636    .ARM.Collect$$libinit$$00000017  c_w.l(libinit2.o)
    0x0800020e   0x00000000   Code   RO         4638    .ARM.Collect$$libinit$$00000019  c_w.l(libinit2.o)
    0x0800020e   0x00000000   Code   RO         4640    .ARM.Collect$$libinit$$0000001B  c_w.l(libinit2.o)
    0x0800020e   0x00000000   Code   RO         4642    .ARM.Collect$$libinit$$0000001D  c_w.l(libinit2.o)
    0x0800020e   0x00000000   Code   RO         4644    .ARM.Collect$$libinit$$0000001F  c_w.l(libinit2.o)
    0x0800020e   0x00000000   Code   RO         4646    .ARM.Collect$$libinit$$00000021  c_w.l(libinit2.o)
    0x0800020e   0x00000000   Code   RO         4648    .ARM.Collect$$libinit$$00000023  c_w.l(libinit2.o)
    0x0800020e   0x00000000   Code   RO         4650    .ARM.Collect$$libinit$$00000025  c_w.l(libinit2.o)
    0x0800020e   0x00000000   Code   RO         4654    .ARM.Collect$$libinit$$0000002C  c_w.l(libinit2.o)
    0x0800020e   0x00000000   Code   RO         4656    .ARM.Collect$$libinit$$0000002E  c_w.l(libinit2.o)
    0x0800020e   0x00000000   Code   RO         4658    .ARM.Collect$$libinit$$00000030  c_w.l(libinit2.o)
    0x0800020e   0x00000000   Code   RO         4660    .ARM.Collect$$libinit$$00000032  c_w.l(libinit2.o)
    0x0800020e   0x00000002   Code   RO         4661    .ARM.Collect$$libinit$$00000033  c_w.l(libinit2.o)
    0x08000210   0x00000002   Code   RO         4685    .ARM.Collect$$libshutdown$$00000000  c_w.l(libshutdown.o)
    0x08000212   0x00000000   Code   RO         4698    .ARM.Collect$$libshutdown$$00000002  c_w.l(libshutdown2.o)
    0x08000212   0x00000000   Code   RO         4700    .ARM.Collect$$libshutdown$$00000004  c_w.l(libshutdown2.o)
    0x08000212   0x00000000   Code   RO         4703    .ARM.Collect$$libshutdown$$00000007  c_w.l(libshutdown2.o)
    0x08000212   0x00000000   Code   RO         4706    .ARM.Collect$$libshutdown$$0000000A  c_w.l(libshutdown2.o)
    0x08000212   0x00000000   Code   RO         4708    .ARM.Collect$$libshutdown$$0000000C  c_w.l(libshutdown2.o)
    0x08000212   0x00000000   Code   RO         4711    .ARM.Collect$$libshutdown$$0000000F  c_w.l(libshutdown2.o)
    0x08000212   0x00000002   Code   RO         4712    .ARM.Collect$$libshutdown$$00000010  c_w.l(libshutdown2.o)
    0x08000214   0x00000000   Code   RO         4370    .ARM.Collect$$rtentry$$00000000  c_w.l(__rtentry.o)
    0x08000214   0x00000000   Code   RO         4513    .ARM.Collect$$rtentry$$00000002  c_w.l(__rtentry2.o)
    0x08000214   0x00000006   Code   RO         4525    .ARM.Collect$$rtentry$$00000004  c_w.l(__rtentry4.o)
    0x0800021a   0x00000000   Code   RO         4515    .ARM.Collect$$rtentry$$00000009  c_w.l(__rtentry2.o)
    0x0800021a   0x00000004   Code   RO         4516    .ARM.Collect$$rtentry$$0000000A  c_w.l(__rtentry2.o)
    0x0800021e   0x00000000   Code   RO         4518    .ARM.Collect$$rtentry$$0000000C  c_w.l(__rtentry2.o)
    0x0800021e   0x00000008   Code   RO         4519    .ARM.Collect$$rtentry$$0000000D  c_w.l(__rtentry2.o)
    0x08000226   0x00000002   Code   RO         4612    .ARM.Collect$$rtexit$$00000000  c_w.l(rtexit.o)
    0x08000228   0x00000000   Code   RO         4665    .ARM.Collect$$rtexit$$00000002  c_w.l(rtexit2.o)
    0x08000228   0x00000004   Code   RO         4666    .ARM.Collect$$rtexit$$00000003  c_w.l(rtexit2.o)
    0x0800022c   0x00000006   Code   RO         4667    .ARM.Collect$$rtexit$$00000004  c_w.l(rtexit2.o)
    0x08000232   0x00000002   PAD
    0x08000234   0x00000040   Code   RO            4    .text               startup_stm32f10x_md.o
    0x08000274   0x00000024   Code   RO         4290    .text               c_w.l(vsprintf.o)
    0x08000298   0x00000080   Code   RO         4296    .text               c_w.l(strcmpv7m.o)
    0x08000318   0x00000006   Code   RO         4298    .text               c_w.l(heapauxi.o)
    0x0800031e   0x0000004e   Code   RO         4375    .text               c_w.l(_printf_pad.o)
    0x0800036c   0x00000024   Code   RO         4377    .text               c_w.l(_printf_truncate.o)
    0x08000390   0x00000052   Code   RO         4379    .text               c_w.l(_printf_str.o)
    0x080003e2   0x00000002   PAD
    0x080003e4   0x00000078   Code   RO         4381    .text               c_w.l(_printf_dec.o)
    0x0800045c   0x00000028   Code   RO         4383    .text               c_w.l(_printf_charcount.o)
    0x08000484   0x00000030   Code   RO         4385    .text               c_w.l(_printf_char_common.o)
    0x080004b4   0x0000000a   Code   RO         4387    .text               c_w.l(_sputc.o)
    0x080004be   0x00000002   PAD
    0x080004c0   0x000000bc   Code   RO         4389    .text               c_w.l(_printf_wctomb.o)
    0x0800057c   0x0000007c   Code   RO         4392    .text               c_w.l(_printf_longlong_dec.o)
    0x080005f8   0x00000070   Code   RO         4398    .text               c_w.l(_printf_oct_int_ll.o)
    0x08000668   0x00000094   Code   RO         4418    .text               c_w.l(_printf_hex_int_ll_ptr.o)
    0x080006fc   0x00000188   Code   RO         4438    .text               c_w.l(__printf_flags_ss_wp.o)
    0x08000884   0x0000008a   Code   RO         4532    .text               c_w.l(lludiv10.o)
    0x0800090e   0x000000b2   Code   RO         4534    .text               c_w.l(_printf_intcommon.o)
    0x080009c0   0x0000041a   Code   RO         4536    .text               c_w.l(_printf_fp_dec.o)
    0x08000dda   0x00000002   PAD
    0x08000ddc   0x000002fc   Code   RO         4538    .text               c_w.l(_printf_fp_hex.o)
    0x080010d8   0x0000002c   Code   RO         4543    .text               c_w.l(_printf_char.o)
    0x08001104   0x0000002c   Code   RO         4545    .text               c_w.l(_printf_wchar.o)
    0x08001130   0x00000040   Code   RO         4548    .text               c_w.l(_wcrtomb.o)
    0x08001170   0x00000008   Code   RO         4558    .text               c_w.l(libspace.o)
    0x08001178   0x0000004a   Code   RO         4561    .text               c_w.l(sys_stackheap_outer.o)
    0x080011c2   0x00000002   PAD
    0x080011c4   0x00000010   Code   RO         4563    .text               c_w.l(rt_ctype_table.o)
    0x080011d4   0x00000008   Code   RO         4568    .text               c_w.l(rt_locale_intlibspace.o)
    0x080011dc   0x00000080   Code   RO         4570    .text               c_w.l(_printf_fp_infnan.o)
    0x0800125c   0x000000dc   Code   RO         4572    .text               c_w.l(bigflt0.o)
    0x08001338   0x00000012   Code   RO         4600    .text               c_w.l(exit.o)
    0x0800134a   0x00000002   PAD
    0x0800134c   0x0000000c   Code   RO         4677    .text               c_w.l(sys_exit.o)
    0x08001358   0x00000002   Code   RO         4688    .text               c_w.l(use_no_semi.o)
    0x0800135a   0x00000000   Code   RO         4690    .text               c_w.l(indicate_semi.o)
    0x0800135a   0x0000003e   Code   RO         4575    CL$$btod_d2e        c_w.l(btod.o)
    0x08001398   0x00000046   Code   RO         4577    CL$$btod_d2e_denorm_low  c_w.l(btod.o)
    0x080013de   0x00000060   Code   RO         4576    CL$$btod_d2e_norm_op1  c_w.l(btod.o)
    0x0800143e   0x00000338   Code   RO         4585    CL$$btod_div_common  c_w.l(btod.o)
    0x08001776   0x000000c6   Code   RO         4582    CL$$btod_e2e        c_w.l(btod.o)
    0x0800183c   0x00000028   Code   RO         4579    CL$$btod_ediv       c_w.l(btod.o)
    0x08001864   0x00000028   Code   RO         4578    CL$$btod_emul       c_w.l(btod.o)
    0x0800188c   0x00000244   Code   RO         4584    CL$$btod_mult_common  c_w.l(btod.o)
    0x08001ad0   0x00000016   Code   RO          202    i.ADC_Cmd           stm32f10x_adc.o
    0x08001ae6   0x00000016   Code   RO          203    i.ADC_DMACmd        stm32f10x_adc.o
    0x08001afc   0x00000014   Code   RO          210    i.ADC_GetCalibrationStatus  stm32f10x_adc.o
    0x08001b10   0x00000014   Code   RO          216    i.ADC_GetResetCalibrationStatus  stm32f10x_adc.o
    0x08001b24   0x00000050   Code   RO          220    i.ADC_Init          stm32f10x_adc.o
    0x08001b74   0x000000b8   Code   RO          224    i.ADC_RegularChannelConfig  stm32f10x_adc.o
    0x08001c2c   0x0000000a   Code   RO          225    i.ADC_ResetCalibration  stm32f10x_adc.o
    0x08001c36   0x00000016   Code   RO          227    i.ADC_SoftwareStartConvCmd  stm32f10x_adc.o
    0x08001c4c   0x0000000a   Code   RO          229    i.ADC_StartCalibration  stm32f10x_adc.o
    0x08001c56   0x00000004   Code   RO         3974    i.BusFault_Handler  stm32f10x_it.o
    0x08001c5a   0x00000018   Code   RO          911    i.DMA_Cmd           stm32f10x_dma.o
    0x08001c72   0x00000002   PAD
    0x08001c74   0x0000014c   Code   RO          912    i.DMA_DeInit        stm32f10x_dma.o
    0x08001dc0   0x0000003c   Code   RO          917    i.DMA_Init          stm32f10x_dma.o
    0x08001dfc   0x00000002   Code   RO         3975    i.DebugMon_Handler  stm32f10x_it.o
    0x08001dfe   0x00000018   Code   RO         3196    i.Delay_ms          delay.o
    0x08001e16   0x0000002e   Code   RO         3198    i.Delay_us          delay.o
    0x08001e44   0x00000018   Code   RO         1063    i.FLASH_SetLatency  stm32f10x_flash.o
    0x08001e5c   0x00000116   Code   RO         1347    i.GPIO_Init         stm32f10x_gpio.o
    0x08001f72   0x00000002   PAD
    0x08001f74   0x0000005c   Code   RO         3881    i.GPIO_Init_Robot   main.o
    0x08001fd0   0x00000090   Code   RO         1349    i.GPIO_PinRemapConfig  stm32f10x_gpio.o
    0x08002060   0x00000012   Code   RO         1351    i.GPIO_ReadInputDataBit  stm32f10x_gpio.o
    0x08002072   0x00000004   Code   RO         1354    i.GPIO_ResetBits    stm32f10x_gpio.o
    0x08002076   0x00000004   Code   RO         1355    i.GPIO_SetBits      stm32f10x_gpio.o
    0x0800207a   0x0000000a   Code   RO         1358    i.GPIO_WriteBit     stm32f10x_gpio.o
    0x08002084   0x00000004   Code   RO         3976    i.HardFault_Handler  stm32f10x_it.o
    0x08002088   0x00000050   Code   RO         3742    i.Input_Init        input.o
    0x080020d8   0x00000014   Code   RO         3220    i.LED1_OFF          led.o
    0x080020ec   0x00000014   Code   RO         3221    i.LED1_ON           led.o
    0x08002100   0x00000044   Code   RO         3224    i.LED_Init          led.o
    0x08002144   0x00000004   Code   RO         3977    i.MemManage_Handler  stm32f10x_it.o
    0x08002148   0x00000002   Code   RO         3978    i.NMI_Handler       stm32f10x_it.o
    0x0800214a   0x00000002   PAD
    0x0800214c   0x00000070   Code   RO          137    i.NVIC_Init         misc.o
    0x080021bc   0x00000014   Code   RO          138    i.NVIC_PriorityGroupConfig  misc.o
    0x080021d0   0x00000064   Code   RO         3759    i.Noise_Sensor_GetDB  noise_sensor.o
    0x08002234   0x0000005c   Code   RO         3760    i.Noise_Sensor_GetData  noise_sensor.o
    0x08002290   0x000000a8   Code   RO         3761    i.Noise_Sensor_GetFilteredADC  noise_sensor.o
    0x08002338   0x00000040   Code   RO         3762    i.Noise_Sensor_GetLevel  noise_sensor.o
    0x08002378   0x00000100   Code   RO         3763    i.Noise_Sensor_Init  noise_sensor.o
    0x08002478   0x00000028   Code   RO         3274    i.OLED_Clear        oled.o
    0x080024a0   0x000000a8   Code   RO         3275    i.OLED_ClearArea    oled.o
    0x08002548   0x00000060   Code   RO         3283    i.OLED_GPIO_Init    oled.o
    0x080025a8   0x0000003e   Code   RO         3285    i.OLED_I2C_SendByte  oled.o
    0x080025e6   0x0000001c   Code   RO         3286    i.OLED_I2C_Start    oled.o
    0x08002602   0x00000016   Code   RO         3287    i.OLED_I2C_Stop     oled.o
    0x08002618   0x00000092   Code   RO         3288    i.OLED_Init         oled.o
    0x080026aa   0x00000032   Code   RO         3291    i.OLED_Printf       oled.o
    0x080026dc   0x00000022   Code   RO         3294    i.OLED_SetCursor    oled.o
    0x080026fe   0x00000002   PAD
    0x08002700   0x00000054   Code   RO         3296    i.OLED_ShowChar     oled.o
    0x08002754   0x0000012c   Code   RO         3300    i.OLED_ShowImage    oled.o
    0x08002880   0x0000002e   Code   RO         3303    i.OLED_ShowString   oled.o
    0x080028ae   0x00000002   PAD
    0x080028b0   0x00000028   Code   RO         3304    i.OLED_Update       oled.o
    0x080028d8   0x00000018   Code   RO         3306    i.OLED_W_SCL        oled.o
    0x080028f0   0x00000018   Code   RO         3307    i.OLED_W_SDA        oled.o
    0x08002908   0x00000020   Code   RO         3308    i.OLED_WriteCommand  oled.o
    0x08002928   0x0000002e   Code   RO         3309    i.OLED_WriteData    oled.o
    0x08002956   0x00000002   PAD
    0x08002958   0x000000b4   Code   RO         3669    i.PWM_Init          pwm.o
    0x08002a0c   0x000000ac   Code   RO         3670    i.PWM_Init_TIM3     pwm.o
    0x08002ab8   0x00000010   Code   RO         3671    i.PWM_SetCompare1   pwm.o
    0x08002ac8   0x00000014   Code   RO         3673    i.PWM_SetCompare1_TIM3  pwm.o
    0x08002adc   0x00000010   Code   RO         3674    i.PWM_SetCompare2   pwm.o
    0x08002aec   0x00000014   Code   RO         3675    i.PWM_SetCompare2_TIM3  pwm.o
    0x08002b00   0x00000010   Code   RO         3676    i.PWM_SetCompare3   pwm.o
    0x08002b10   0x00000014   Code   RO         3677    i.PWM_SetCompare3_TIM3  pwm.o
    0x08002b24   0x00000010   Code   RO         3678    i.PWM_SetCompare4   pwm.o
    0x08002b34   0x00000014   Code   RO         3679    i.PWM_SetCompare4_TIM3  pwm.o
    0x08002b48   0x00000002   Code   RO         3979    i.PendSV_Handler    stm32f10x_it.o
    0x08002b4a   0x00000002   PAD
    0x08002b4c   0x00000324   Code   RO         3882    i.ProcessCommand    main.o
    0x08002e70   0x00000020   Code   RO         1774    i.RCC_AHBPeriphClockCmd  stm32f10x_rcc.o
    0x08002e90   0x00000020   Code   RO         1775    i.RCC_APB1PeriphClockCmd  stm32f10x_rcc.o
    0x08002eb0   0x00000020   Code   RO         1777    i.RCC_APB2PeriphClockCmd  stm32f10x_rcc.o
    0x08002ed0   0x0000004c   Code   RO         1784    i.RCC_DeInit        stm32f10x_rcc.o
    0x08002f1c   0x000000d4   Code   RO         1785    i.RCC_GetClocksFreq  stm32f10x_rcc.o
    0x08002ff0   0x0000003c   Code   RO         1786    i.RCC_GetFlagStatus  stm32f10x_rcc.o
    0x0800302c   0x00000010   Code   RO         1788    i.RCC_GetSYSCLKSource  stm32f10x_rcc.o
    0x0800303c   0x00000018   Code   RO         1789    i.RCC_HCLKConfig    stm32f10x_rcc.o
    0x08003054   0x0000004c   Code   RO         1790    i.RCC_HSEConfig     stm32f10x_rcc.o
    0x080030a0   0x00000018   Code   RO         1796    i.RCC_PCLK1Config   stm32f10x_rcc.o
    0x080030b8   0x00000018   Code   RO         1797    i.RCC_PCLK2Config   stm32f10x_rcc.o
    0x080030d0   0x0000000c   Code   RO         1798    i.RCC_PLLCmd        stm32f10x_rcc.o
    0x080030dc   0x0000001c   Code   RO         1799    i.RCC_PLLConfig     stm32f10x_rcc.o
    0x080030f8   0x00000018   Code   RO         1802    i.RCC_SYSCLKConfig  stm32f10x_rcc.o
    0x08003110   0x00000060   Code   RO         3883    i.ReadSensors       main.o
    0x08003170   0x00000002   Code   RO         3980    i.SVC_Handler       stm32f10x_it.o
    0x08003172   0x00000002   PAD
    0x08003174   0x000000b8   Code   RO         3538    i.Serial_Init       serial.o
    0x0800322c   0x00000024   Code   RO         3540    i.Serial_Printf     serial.o
    0x08003250   0x00000020   Code   RO         3542    i.Serial_SendByte   serial.o
    0x08003270   0x0000001a   Code   RO         3544    i.Serial_SendString  serial.o
    0x0800328a   0x0000000c   Code   RO         3606    i.Servo_Init        servo.o
    0x08003296   0x00000002   PAD
    0x08003298   0x0000003c   Code   RO         3607    i.Servo_SetAngle1   servo.o
    0x080032d4   0x0000003c   Code   RO         3608    i.Servo_SetAngle2   servo.o
    0x08003310   0x0000003c   Code   RO         3609    i.Servo_SetAngle3   servo.o
    0x0800334c   0x0000003c   Code   RO         3610    i.Servo_SetAngle4   servo.o
    0x08003388   0x0000003c   Code   RO         3611    i.Servo_SetAngle5   servo.o
    0x080033c4   0x0000003c   Code   RO         3612    i.Servo_SetAngle6   servo.o
    0x08003400   0x0000003c   Code   RO         3613    i.Servo_SetAngle7   servo.o
    0x0800343c   0x0000003c   Code   RO         3614    i.Servo_SetAngle8   servo.o
    0x08003478   0x00000008   Code   RO           24    i.SetSysClock       system_stm32f10x.o
    0x08003480   0x000000e0   Code   RO           25    i.SetSysClockTo72   system_stm32f10x.o
    0x08003560   0x00000002   Code   RO         3981    i.SysTick_Handler   stm32f10x_it.o
    0x08003562   0x00000064   Code   RO         3884    i.SystemClock_Config  main.o
    0x080035c6   0x00000002   PAD
    0x080035c8   0x00000060   Code   RO           27    i.SystemInit        system_stm32f10x.o
    0x08003628   0x00000002   Code   RO         3982    i.TIM2_IRQHandler   stm32f10x_it.o
    0x0800362a   0x00000018   Code   RO         2421    i.TIM_Cmd           stm32f10x_tim.o
    0x08003642   0x0000000c   Code   RO         2448    i.TIM_InternalClockConfig  stm32f10x_tim.o
    0x0800364e   0x00000002   PAD
    0x08003650   0x00000098   Code   RO         2450    i.TIM_OC1Init       stm32f10x_tim.o
    0x080036e8   0x000000a4   Code   RO         2455    i.TIM_OC2Init       stm32f10x_tim.o
    0x0800378c   0x000000a0   Code   RO         2460    i.TIM_OC3Init       stm32f10x_tim.o
    0x0800382c   0x0000007c   Code   RO         2465    i.TIM_OC4Init       stm32f10x_tim.o
    0x080038a8   0x00000014   Code   RO         2468    i.TIM_OCStructInit  stm32f10x_tim.o
    0x080038bc   0x00000004   Code   RO         2482    i.TIM_SetCompare1   stm32f10x_tim.o
    0x080038c0   0x00000004   Code   RO         2483    i.TIM_SetCompare2   stm32f10x_tim.o
    0x080038c4   0x00000004   Code   RO         2484    i.TIM_SetCompare3   stm32f10x_tim.o
    0x080038c8   0x00000006   Code   RO         2485    i.TIM_SetCompare4   stm32f10x_tim.o
    0x080038ce   0x00000002   PAD
    0x080038d0   0x000000a4   Code   RO         2492    i.TIM_TimeBaseInit  stm32f10x_tim.o
    0x08003974   0x00000030   Code   RO         3885    i.Tick_Delay        main.o
    0x080039a4   0x000000a0   Code   RO         3545    i.USART1_IRQHandler  serial.o
    0x08003a44   0x0000001e   Code   RO         2957    i.USART_ClearITPendingBit  stm32f10x_usart.o
    0x08003a62   0x00000018   Code   RO         2960    i.USART_Cmd         stm32f10x_usart.o
    0x08003a7a   0x0000001a   Code   RO         2963    i.USART_GetFlagStatus  stm32f10x_usart.o
    0x08003a94   0x00000054   Code   RO         2964    i.USART_GetITStatus  stm32f10x_usart.o
    0x08003ae8   0x0000004a   Code   RO         2966    i.USART_ITConfig    stm32f10x_usart.o
    0x08003b32   0x00000002   PAD
    0x08003b34   0x000000d8   Code   RO         2967    i.USART_Init        stm32f10x_usart.o
    0x08003c0c   0x0000000a   Code   RO         2974    i.USART_ReceiveData  stm32f10x_usart.o
    0x08003c16   0x00000008   Code   RO         2977    i.USART_SendData    stm32f10x_usart.o
    0x08003c1e   0x00000002   PAD
    0x08003c20   0x000000c4   Code   RO         3886    i.UpdateDisplay     main.o
    0x08003ce4   0x000005bc   Code   RO         3887    i.UpdateServo       main.o
    0x080042a0   0x00000004   Code   RO         3983    i.UsageFault_Handler  stm32f10x_it.o
    0x080042a4   0x00000028   Code   RO         4554    i.__ARM_fpclassify  m_ws.l(fpclassify.o)
    0x080042cc   0x0000000e   Code   RO         4431    i._is_digit         c_w.l(__printf_wp.o)
    0x080042da   0x00000002   PAD
    0x080042dc   0x00000048   Code   RO         3799    i.bh1750_get_lux    bh1750.o
    0x08004324   0x00000070   Code   RO         3800    i.bh1750_init       bh1750.o
    0x08004394   0x00000022   Code   RO         3801    i.bh_cmd            bh1750.o
    0x080043b6   0x00000002   PAD
    0x080043b8   0x000000a4   Code   RO         3802    i.bh_read_byte      bh1750.o
    0x0800445c   0x00000020   Code   RO         3803    i.bh_sda_in         bh1750.o
    0x0800447c   0x00000024   Code   RO         3804    i.bh_sda_out        bh1750.o
    0x080044a0   0x00000040   Code   RO         3805    i.bh_start          bh1750.o
    0x080044e0   0x00000040   Code   RO         3806    i.bh_stop           bh1750.o
    0x08004520   0x00000054   Code   RO         3807    i.bh_wait_ack       bh1750.o
    0x08004574   0x0000006c   Code   RO         3808    i.bh_write_byte     bh1750.o
    0x080045e0   0x000000bc   Code   RO         3860    i.hcsr04_get_distance  hcsr04.o
    0x0800469c   0x0000004c   Code   RO         3861    i.hcsr04_init       hcsr04.o
    0x080046e8   0x000001cc   Code   RO         3888    i.main              main.o
    0x080048b4   0x0000002c   Code   RO         4598    locale$$code        c_w.l(lc_numeric_c.o)
    0x080048e0   0x0000002c   Code   RO         4615    locale$$code        c_w.l(lc_ctype_c.o)
    0x0800490c   0x00000062   Code   RO         4302    x$fpl$d2f           fz_ws.l(d2f.o)
    0x0800496e   0x00000002   PAD
    0x08004970   0x000002b0   Code   RO         4311    x$fpl$ddiv          fz_ws.l(ddiv.o)
    0x08004c20   0x00000026   Code   RO         4322    x$fpl$dfltu         fz_ws.l(dflt_clz.o)
    0x08004c46   0x00000002   PAD
    0x08004c48   0x00000154   Code   RO         4330    x$fpl$dmul          fz_ws.l(dmul.o)
    0x08004d9c   0x0000009c   Code   RO         4468    x$fpl$dnaninf       fz_ws.l(dnaninf.o)
    0x08004e38   0x0000000c   Code   RO         4470    x$fpl$dretinf       fz_ws.l(dretinf.o)
    0x08004e44   0x00000056   Code   RO         4334    x$fpl$f2d           fz_ws.l(f2d.o)
    0x08004e9a   0x00000002   PAD
    0x08004e9c   0x000000c4   Code   RO         4336    x$fpl$fadd          fz_ws.l(faddsub_clz.o)
    0x08004f60   0x00000018   Code   RO         4472    x$fpl$fcmpinf       fz_ws.l(fcmpi.o)
    0x08004f78   0x00000184   Code   RO         4343    x$fpl$fdiv          fz_ws.l(fdiv.o)
    0x080050fc   0x0000003e   Code   RO         4346    x$fpl$ffixu         fz_ws.l(ffixu.o)
    0x0800513a   0x00000002   PAD
    0x0800513c   0x00000030   Code   RO         4351    x$fpl$fflt          fz_ws.l(fflt_clz.o)
    0x0800516c   0x00000026   Code   RO         4350    x$fpl$ffltu         fz_ws.l(fflt_clz.o)
    0x08005192   0x00000002   PAD
    0x08005194   0x00000068   Code   RO         4356    x$fpl$fleqf         fz_ws.l(fleqf.o)
    0x080051fc   0x00000102   Code   RO         4358    x$fpl$fmul          fz_ws.l(fmul.o)
    0x080052fe   0x0000008c   Code   RO         4474    x$fpl$fnaninf       fz_ws.l(fnaninf.o)
    0x0800538a   0x0000000a   Code   RO         4476    x$fpl$fretinf       fz_ws.l(fretinf.o)
    0x08005394   0x00000062   Code   RO         4360    x$fpl$frleqf        fz_ws.l(frleqf.o)
    0x080053f6   0x00000002   PAD
    0x080053f8   0x000000ea   Code   RO         4338    x$fpl$fsub          fz_ws.l(faddsub_clz.o)
    0x080054e2   0x00000004   Code   RO         4478    x$fpl$printf1       fz_ws.l(printf1.o)
    0x080054e6   0x00000004   Code   RO         4480    x$fpl$printf2       fz_ws.l(printf2.o)
    0x080054ea   0x00000000   Code   RO         4486    x$fpl$usenofp       fz_ws.l(usenofp.o)
    0x080054ea   0x000018b6   Data   RO         3526    .constdata          oled_data.o
    0x08006da0   0x00000008   Data   RO         4390    .constdata          c_w.l(_printf_wctomb.o)
    0x08006da8   0x00000028   Data   RO         4419    .constdata          c_w.l(_printf_hex_int_ll_ptr.o)
    0x08006dd0   0x00000011   Data   RO         4439    .constdata          c_w.l(__printf_flags_ss_wp.o)
    0x08006de1   0x00000026   Data   RO         4539    .constdata          c_w.l(_printf_fp_hex.o)
    0x08006e07   0x00000001   PAD
    0x08006e08   0x00000094   Data   RO         4573    .constdata          c_w.l(bigflt0.o)
    0x08006e9c   0x00000020   Data   RO         4743    Region$$Table       anon$$obj.o
    0x08006ebc   0x0000001c   Data   RO         4597    locale$$data        c_w.l(lc_numeric_c.o)
    0x08006ed8   0x00000110   Data   RO         4614    locale$$data        c_w.l(lc_ctype_c.o)


    Execution Region RW_IRAM1 (Base: 0x20000000, Size: 0x00000b20, Max: 0x00005000, ABSOLUTE)

    Base Addr    Size         Type   Attr      Idx    E Section Name        Object

    0x20000000   0x00000014   Data   RW         1805    .data               stm32f10x_rcc.o
    0x20000014   0x00000003   Data   RW         3548    .data               serial.o
    0x20000017   0x00000001   PAD
    0x20000018   0x00000002   Data   RW         3764    .data               noise_sensor.o
    0x2000001a   0x00000002   PAD
    0x2000001c   0x0000003c   Data   RW         3889    .data               main.o
    0x20000058   0x00000400   Zero   RW         3311    .bss                oled.o
    0x20000458   0x00000064   Zero   RW         3547    .bss                serial.o
    0x200004bc   0x00000060   Zero   RW         4559    .bss                c_w.l(libspace.o)
    0x2000051c   0x00000004   PAD
    0x20000520   0x00000200   Zero   RW            2    HEAP                startup_stm32f10x_md.o
    0x20000720   0x00000400   Zero   RW            1    STACK               startup_stm32f10x_md.o


==============================================================================

Image component sizes


      Code (inc. data)   RO Data    RW Data    ZI Data      Debug   Object Name

       770         44          0          0          0       4575   bh1750.o
         0          0          0          0          0       4500   core_cm3.o
        70          0          0          0          0        874   delay.o
       264         22          0          0          0       1148   hcsr04.o
        80          6          0          0          0        461   input.o
       108         22          0          0          0       1224   led.o
      3264        442          0         60          0       7720   main.o
       132         22          0          0          0     213599   misc.o
       680         64          0          2          0       4224   noise_sensor.o
      1242         44          0          0       1024      10405   oled.o
         0          0       6326          0          0       1156   oled_data.o
       496         38          0          0          0       4927   pwm.o
       438         34          0          3        100       3320   serial.o
       492         96          0          0          0       4193   servo.o
        64         26        236          0       1536        796   startup_stm32f10x_md.o
       390         10          0          0          0      17377   stm32f10x_adc.o
       416          8          0          0          0      12926   stm32f10x_dma.o
        24          6          0          0          0        495   stm32f10x_flash.o
       458          6          0          0          0      12918   stm32f10x_gpio.o
        28          0          0          0          0       3868   stm32f10x_it.o
       672         98          0         20          0      18138   stm32f10x_rcc.o
       838         92          0          0          0      27234   stm32f10x_tim.o
       472          6          0          0          0      12215   stm32f10x_usart.o
       328         28          0          0          0      54781   system_stm32f10x.o

    ----------------------------------------------------------------------
     11756       1114       6594         88       2660     423074   Object Totals
         0          0         32          0          0          0   (incl. Generated)
        30          0          0          3          0          0   (incl. Padding)

    ----------------------------------------------------------------------

      Code (inc. data)   RO Data    RW Data    ZI Data      Debug   Library Member Name

         8          0          0          0          0         68   __main.o
       392          4         17          0          0         92   __printf_flags_ss_wp.o
        14          0          0          0          0         68   __printf_wp.o
         0          0          0          0          0          0   __rtentry.o
        12          0          0          0          0          0   __rtentry2.o
         6          0          0          0          0          0   __rtentry4.o
        52          8          0          0          0          0   __scatter.o
        26          0          0          0          0          0   __scatter_copy.o
        28          0          0          0          0          0   __scatter_zi.o
         6          0          0          0          0          0   _printf_a.o
         6          0          0          0          0          0   _printf_c.o
        44          0          0          0          0        108   _printf_char.o
        48          6          0          0          0         96   _printf_char_common.o
        40          0          0          0          0         68   _printf_charcount.o
         6          0          0          0          0          0   _printf_d.o
       120         16          0          0          0         92   _printf_dec.o
         6          0          0          0          0          0   _printf_e.o
         6          0          0          0          0          0   _printf_f.o
      1050          0          0          0          0        216   _printf_fp_dec.o
       764          8         38          0          0        100   _printf_fp_hex.o
       128         16          0          0          0         84   _printf_fp_infnan.o
         6          0          0          0          0          0   _printf_g.o
       148          4         40          0          0        160   _printf_hex_int_ll_ptr.o
         6          0          0          0          0          0   _printf_i.o
       178          0          0          0          0         88   _printf_intcommon.o
        10          0          0          0          0          0   _printf_l.o
         6          0          0          0          0          0   _printf_lc.o
        10          0          0          0          0          0   _printf_ll.o
         6          0          0          0          0          0   _printf_lld.o
         6          0          0          0          0          0   _printf_lli.o
         6          0          0          0          0          0   _printf_llo.o
         6          0          0          0          0          0   _printf_llu.o
         6          0          0          0          0          0   _printf_llx.o
       124         16          0          0          0         92   _printf_longlong_dec.o
         6          0          0          0          0          0   _printf_ls.o
         6          0          0          0          0          0   _printf_n.o
         6          0          0          0          0          0   _printf_o.o
       112          8          0          0          0        124   _printf_oct_int_ll.o
         6          0          0          0          0          0   _printf_p.o
        78          0          0          0          0        108   _printf_pad.o
         0          0          0          0          0          0   _printf_percent.o
         4          0          0          0          0          0   _printf_percent_end.o
         6          0          0          0          0          0   _printf_s.o
        82          0          0          0          0         80   _printf_str.o
        36          0          0          0          0         84   _printf_truncate.o
         6          0          0          0          0          0   _printf_u.o
        44          0          0          0          0        108   _printf_wchar.o
       188          6          8          0          0         92   _printf_wctomb.o
         6          0          0          0          0          0   _printf_x.o
        10          0          0          0          0         68   _sputc.o
        64          0          0          0          0         92   _wcrtomb.o
       220          4        148          0          0         96   bigflt0.o
      1910        128          0          0          0        672   btod.o
        18          0          0          0          0         80   exit.o
         6          0          0          0          0        152   heapauxi.o
         0          0          0          0          0          0   indicate_semi.o
        44         10        272          0          0         76   lc_ctype_c.o
        44         10         28          0          0         76   lc_numeric_c.o
         2          0          0          0          0          0   libinit.o
        30          0          0          0          0          0   libinit2.o
         2          0          0          0          0          0   libshutdown.o
         2          0          0          0          0          0   libshutdown2.o
         8          4          0          0         96         68   libspace.o
       138          0          0          0          0         80   lludiv10.o
        16          4          0          0          0         76   rt_ctype_table.o
         8          4          0          0          0         68   rt_locale_intlibspace.o
         2          0          0          0          0          0   rtexit.o
        10          0          0          0          0          0   rtexit2.o
       128          0          0          0          0         68   strcmpv7m.o
        12          4          0          0          0         68   sys_exit.o
        74          0          0          0          0         80   sys_stackheap_outer.o
         2          0          0          0          0         68   use_no_semi.o
        36          4          0          0          0         76   vsprintf.o
        98          4          0          0          0         92   d2f.o
       688        140          0          0          0        208   ddiv.o
        38          0          0          0          0         68   dflt_clz.o
       340         12          0          0          0        104   dmul.o
       156          4          0          0          0         92   dnaninf.o
        12          0          0          0          0         68   dretinf.o
        86          4          0          0          0         84   f2d.o
       430          8          0          0          0        168   faddsub_clz.o
        24          0          0          0          0         68   fcmpi.o
       388         76          0          0          0         96   fdiv.o
        62          4          0          0          0         84   ffixu.o
        86          0          0          0          0        136   fflt_clz.o
       104          4          0          0          0         84   fleqf.o
       258          4          0          0          0         84   fmul.o
       140          4          0          0          0         84   fnaninf.o
        10          0          0          0          0         68   fretinf.o
        98          0          0          0          0         68   frleqf.o
         4          0          0          0          0         68   printf1.o
         4          0          0          0          0         68   printf2.o
         0          0          0          0          0          0   usenofp.o
        40          0          0          0          0         68   fpclassify.o

    ----------------------------------------------------------------------
      9746        528        552          0        100       5752   Library Totals
        28          0          1          0          4          0   (incl. Padding)

    ----------------------------------------------------------------------

      Code (inc. data)   RO Data    RW Data    ZI Data      Debug   Library Name

      6652        264        551          0         96       3892   c_w.l
      3026        264          0          0          0       1792   fz_ws.l
        40          0          0          0          0         68   m_ws.l

    ----------------------------------------------------------------------
      9746        528        552          0        100       5752   Library Totals

    ----------------------------------------------------------------------

==============================================================================


      Code (inc. data)   RO Data    RW Data    ZI Data      Debug   

     21502       1642       7146         88       2760     418578   Grand Totals
     21502       1642       7146         88       2760     418578   ELF Image Totals
     21502       1642       7146         88          0          0   ROM Totals

==============================================================================

    Total RO  Size (Code + RO Data)                28648 (  27.98kB)
    Total RW  Size (RW Data + ZI Data)              2848 (   2.78kB)
    Total ROM Size (Code + RO Data + RW Data)      28736 (  28.06kB)

==============================================================================

