<html>
<body>
<pre>
<h1>礦ision Build Log</h1>
<h2>Tool Versions:</h2>
IDE-Version: μVision V5.14.0.0
Copyright (C) 2015 ARM Ltd and ARM Germany GmbH. All rights reserved.
License Information: robin24 1961722990@qq.com, robin24, LIC=BUURY-IS1MG-NNDAF-635U9-0DQAQ-ZBK0N
 
Tool Versions:
Toolchain:       MDK-ARM Standard  Version: 5.14.0.0
Toolchain Path:  F:\keilstm32\ARM\ARMCC\Bin
C Compiler:      Armcc.exe V5.05 update 1 (build 106)
Assembler:       Armasm.exe V5.05 update 1 (build 106)
Linker/Locator:  ArmLink.exe V5.05 update 1 (build 106)
Library Manager: ArmAr.exe V5.05 update 1 (build 106)
Hex Converter:   FromElf.exe V5.05 update 1 (build 106)
CPU DLL:         SARMCM3.DLL V5.14.0.0
Dialog DLL:      DCM.DLL V1.13.1.0
Target DLL:      STLink\ST-LINKIII-KEIL_SWO.dll V2.0.14.0_KEIL
Dialog DLL:      TCM.DLL V1.14.4.0
 
<h2>Project:</h2>
C:\Users\19617\Desktop\新版-四足机器人资料(原理图+PCB+骨架模型+程序+app)\程序\四足机器人程序\Project.uvprojx
Project File Date:  10/18/2025

<h2>Output:</h2>
Build target 'Target 1'
compiling Serial.c...
compiling main.c...
linking...
Program Size: Code=20322 RO-data=7278 RW-data=104 ZI-data=3528  
".\Objects\Project.axf" - 0 Error(s), 0 Warning(s).

<h2>Collection of Component include folders:</h2>
  C:\Users\19617\Desktop\新版-四足机器人资料(原理图+PCB+骨架模型+程序+app)\程序\四足机器人程序\RTE
  F:\keilstm32\ARM\PACK\Keil\STM32F1xx_DFP\2.2.0

<h2>Collection of Component Files used:</h2>
</pre>
</body>
</html>
